Component: Arm Compiler for Embedded 6.22 Tool: armlink [5ee90200]

==============================================================================

Section Cross References

    main.o(.text) refers (Special) to _printf_percent.o(.ARM.Collect$$_printf_percent$$00000000) for _printf_percent
    main.o(.text) refers (Special) to _printf_pad.o(.text) for _printf_pre_padding
    main.o(.text) refers (Special) to _printf_d.o(.ARM.Collect$$_printf_percent$$00000009) for _printf_d
    main.o(.text) refers (Special) to _printf_dec.o(.text) for _printf_int_dec
    main.o(.text.main) refers (Special) to _printf_percent.o(.ARM.Collect$$_printf_percent$$00000000) for _printf_percent
    main.o(.text.main) refers (Special) to _printf_pad.o(.text) for _printf_pre_padding
    main.o(.text.main) refers (Special) to _printf_d.o(.ARM.Collect$$_printf_percent$$00000009) for _printf_d
    main.o(.text.main) refers (Special) to _printf_dec.o(.text) for _printf_int_dec
    main.o(.text.main) refers to stm32f4xx_hal.o(.text.HAL_Init) for HAL_Init
    main.o(.text.main) refers to initial.o(.text.SystemClock_Config) for SystemClock_Config
    main.o(.text.main) refers to stm32f4xx_hal_timebase_tim_template.o(.text.HAL_SuspendTick) for HAL_SuspendTick
    main.o(.text.main) refers to rtx_kernel.o(.text.osKernelInitialize) for osKernelInitialize
    main.o(.text.main) refers to main.o(.text.thread_start_task) for thread_start_task
    main.o(.text.main) refers to driver_data.o(.ARM.__at_0x20000000) for mico_system_content
    main.o(.text.main) refers to main.o(.rodata.ThreadStart_Attr) for ThreadStart_Attr
    main.o(.text.main) refers to rtx_thread.o(.text.osThreadNew) for osThreadNew
    main.o(.text.main) refers to main.o(.bss.ThreadIdStart) for ThreadIdStart
    main.o(.text.main) refers to rtx_kernel.o(.text.osKernelStart) for osKernelStart
    main.o(.ARM.exidx.text.main) refers (Special) to _printf_percent.o(.ARM.Collect$$_printf_percent$$00000000) for _printf_percent
    main.o(.ARM.exidx.text.main) refers (Special) to _printf_pad.o(.text) for _printf_pre_padding
    main.o(.ARM.exidx.text.main) refers (Special) to _printf_d.o(.ARM.Collect$$_printf_percent$$00000009) for _printf_d
    main.o(.ARM.exidx.text.main) refers (Special) to _printf_dec.o(.text) for _printf_int_dec
    main.o(.ARM.exidx.text.main) refers to main.o(.text.main) for [Anonymous Symbol]
    main.o(.text.thread_start_task) refers (Special) to _printf_percent.o(.ARM.Collect$$_printf_percent$$00000000) for _printf_percent
    main.o(.text.thread_start_task) refers (Special) to _printf_pad.o(.text) for _printf_pre_padding
    main.o(.text.thread_start_task) refers (Special) to _printf_d.o(.ARM.Collect$$_printf_percent$$00000009) for _printf_d
    main.o(.text.thread_start_task) refers (Special) to _printf_dec.o(.text) for _printf_int_dec
    main.o(.text.thread_start_task) refers to stm32f4xx_hal_timebase_tim_template.o(.text.HAL_ResumeTick) for HAL_ResumeTick
    main.o(.text.thread_start_task) refers to initial.o(.text.sInitMCU) for sInitMCU
    main.o(.text.thread_start_task) refers to driver_printf.o(.text.sPRINTF_Configuration) for sPRINTF_Configuration
    main.o(.text.thread_start_task) refers to puts.o(.text) for puts
    main.o(.text.thread_start_task) refers to rtx_kernel.o(.text.osKernelGetTickCount) for osKernelGetTickCount
    main.o(.text.thread_start_task) refers to driver_gpio.o(.rodata.gpio_handlers) for gpio_handlers
    main.o(.text.thread_start_task) refers to noretval__2printf.o(.text) for __2printf
    main.o(.text.thread_start_task) refers to driver_gpio.o(.text.gpio_trigger) for gpio_trigger
    main.o(.text.thread_start_task) refers to rtx_delay.o(.text.osDelayUntil) for osDelayUntil
    main.o(.ARM.exidx.text.thread_start_task) refers (Special) to _printf_percent.o(.ARM.Collect$$_printf_percent$$00000000) for _printf_percent
    main.o(.ARM.exidx.text.thread_start_task) refers (Special) to _printf_pad.o(.text) for _printf_pre_padding
    main.o(.ARM.exidx.text.thread_start_task) refers (Special) to _printf_d.o(.ARM.Collect$$_printf_percent$$00000009) for _printf_d
    main.o(.ARM.exidx.text.thread_start_task) refers (Special) to _printf_dec.o(.text) for _printf_int_dec
    main.o(.ARM.exidx.text.thread_start_task) refers to main.o(.text.thread_start_task) for [Anonymous Symbol]
    main.o(.rodata.str1.1) refers (Special) to _printf_percent.o(.ARM.Collect$$_printf_percent$$00000000) for _printf_percent
    main.o(.rodata.str1.1) refers (Special) to _printf_pad.o(.text) for _printf_pre_padding
    main.o(.rodata.str1.1) refers (Special) to _printf_d.o(.ARM.Collect$$_printf_percent$$00000009) for _printf_d
    main.o(.rodata.str1.1) refers (Special) to _printf_dec.o(.text) for _printf_int_dec
    main.o(.rodata.ThreadStart_Attr) refers (Special) to _printf_percent.o(.ARM.Collect$$_printf_percent$$00000000) for _printf_percent
    main.o(.rodata.ThreadStart_Attr) refers (Special) to _printf_pad.o(.text) for _printf_pre_padding
[...]
    [Anonymous Symbol]                       0x20000100   Section        0  segger_hardfaulthandler.o(.bss.HardFaultRegs)
    _Continue                                0x200001b0   Data           4  segger_hardfaulthandler.o(.bss._Continue)
    [Anonymous Symbol]                       0x200001b0   Section        0  segger_hardfaulthandler.o(.bss._Continue)
    EventBuffer                              0x20000280   Data        1024  eventrecorder.o(.bss.noinit)
    [Anonymous Symbol]                       0x20000280   Section        0  eventrecorder.o(.bss.noinit)
    EventFilter                              0x20000680   Data         128  eventrecorder.o(.bss.noinit)
    EventStatus                              0x20000700   Data          36  eventrecorder.o(.bss.noinit)
    os_isr_queue                             0x20000728   Data          64  rtx_lib.o(.bss.os)
    [Anonymous Symbol]                       0x20000728   Section        0  rtx_lib.o(.bss.os)
    os_mem                                   0x20000768   Data       32768  rtx_lib.o(.bss.os)
    PendST                                   0x20008768   Data           1  os_tick_stim.o(.bss.os)
    [Anonymous Symbol]                       0x20008768   Section        0  os_tick_stim.o(.bss.os)
    os_libspace_id                           0x2000876c   Data          16  rtx_lib.o(.bss.os.libspace)
    [Anonymous Symbol]                       0x2000876c   Section        0  rtx_lib.o(.bss.os.libspace)
    os_libspace                              0x2000877c   Data         480  rtx_lib.o(.bss.os.libspace)
    os_timer_mq_cb                           0x2000895c   Data          52  rtx_lib.o(.bss.os.msgqueue.cb)
    [Anonymous Symbol]                       0x2000895c   Section        0  rtx_lib.o(.bss.os.msgqueue.cb)
    os_timer_mq_data                         0x20008990   Data          80  rtx_lib.o(.bss.os.msgqueue.mem)
    [Anonymous Symbol]                       0x20008990   Section        0  rtx_lib.o(.bss.os.msgqueue.mem)
    os_idle_thread_cb                        0x200089e0   Data          80  rtx_lib.o(.bss.os.thread.cb)
    [Anonymous Symbol]                       0x200089e0   Section        0  rtx_lib.o(.bss.os.thread.cb)
    os_timer_thread_cb                       0x20008a30   Data          80  rtx_lib.o(.bss.os.thread.cb)
    os_idle_thread_stack                     0x20008a80   Data         512  rtx_lib.o(.bss.os.thread.idle.stack)
    [Anonymous Symbol]                       0x20008a80   Section        0  rtx_lib.o(.bss.os.thread.idle.stack)
    os_timer_thread_stack                    0x20008c80   Data         512  rtx_lib.o(.bss.os.thread.timer.stack)
    [Anonymous Symbol]                       0x20008c80   Section        0  rtx_lib.o(.bss.os.thread.timer.stack)
    os_kernel_is_active.os_kernel_active     0x20008e80   Data           1  rtx_lib.o(.bss.os_kernel_is_active.os_kernel_active)
    [Anonymous Symbol]                       0x20008e80   Section        0  rtx_lib.o(.bss.os_kernel_is_active.os_kernel_active)
    Heap_Mem                                 0x20008e88   Data         512  startup_stm32f417xx.o(HEAP)
    HEAP                                     0x20008e88   Section      512  startup_stm32f417xx.o(HEAP)
    Stack_Mem                                0x20009088   Data        1024  startup_stm32f417xx.o(STACK)
    STACK                                    0x20009088   Section     1024  startup_stm32f417xx.o(STACK)
    __initial_sp                             0x20009488   Data           0  startup_stm32f417xx.o(STACK)
    FPCCR                                    0xe000ef34   Number         0  irq_armv7m.o ABSOLUTE

    Global Symbols

    Symbol Name                              Value     Ov Type        Size  Object(Section)

    BuildAttributes$$THM_ISAv4$E$P$D$K$B$S$7EM$VFPi3$EXTD16$VFPS$VFMA$PE$A:L22UL41UL21$X:L11$S22US41US21$IEEE1$IW$~IW$USESV6$~STKCKD$USESV7$WCHAR32$ENUMINT$~SHL$OTIME$ROPI$EBA8$UX$STANDARDLIB$REQ8$PRES8$EABIv2 0x00000000   Number         0  anon$$obj.o ABSOLUTE
    _printf_flags                            0x00000000   Number         0  printf_stubs.o ABSOLUTE
    _printf_return_value                     0x00000000   Number         0  printf_stubs.o ABSOLUTE
    _printf_sizespec                         0x00000000   Number         0  printf_stubs.o ABSOLUTE
    _printf_widthprec                        0x00000000   Number         0  printf_stubs.o ABSOLUTE
    .bss.os.evflags.cb$$Base                  - Undefined Weak Reference
    .bss.os.evflags.cb$$Limit                 - Undefined Weak Reference
    .bss.os.mempool.cb$$Base                  - Undefined Weak Reference
    .bss.os.mempool.cb$$Limit                 - Undefined Weak Reference
    .bss.os.mutex.cb$$Base                    - Undefined Weak Reference
    .bss.os.mutex.cb$$Limit                   - Undefined Weak Reference
    .bss.os.semaphore.cb$$Base                - Undefined Weak Reference
    .bss.os.semaphore.cb$$Limit               - Undefined Weak Reference
    .bss.os.timer.cb$$Base                    - Undefined Weak Reference
    .bss.os.timer.cb$$Limit                   - Undefined Weak Reference
    __ARM_exceptions_init                     - Undefined Weak Reference
    __alloca_initialize                       - Undefined Weak Reference
    __arm_preinit_                            - Undefined Weak Reference
    __arm_relocate_pie_                       - Undefined Weak Reference
    __cpp_initialize__aeabi_                  - Undefined Weak Reference
    __cxa_finalize                            - Undefined Weak Reference
    __rt_locale                               - Undefined Weak Reference
    __sigvec_lookup                           - Undefined Weak Reference
    _atexit_init                              - Undefined Weak Reference
    _call_atexit_fns                          - Undefined Weak Reference
    _clock_init                               - Undefined Weak Reference
    _fp_trap_init                             - Undefined Weak Reference
    _fp_trap_shutdown                         - Undefined Weak Reference
    _get_lc_collate                           - Undefined Weak Reference
    _get_lc_ctype                             - Undefined Weak Reference
    _get_lc_monetary                          - Undefined Weak Reference
    _get_lc_numeric                           - Undefined Weak Reference
    _get_lc_time                              - Undefined Weak Reference
    _getenv_init                              - Undefined Weak Reference
    _handle_redirection                       - Undefined Weak Reference
    _init_alloc                               - Undefined Weak Reference
    _init_user_alloc                          - Undefined Weak Reference
    _initio                                   - Undefined Weak Reference
    _printf_truncate_signed                   - Undefined Weak Reference
    _printf_truncate_unsigned                 - Undefined Weak Reference
    _rand_init                                - Undefined Weak Reference
    _signal_finish                            - Undefined Weak Reference
    _signal_init                              - Undefined Weak Reference
    _terminate_alloc                          - Undefined Weak Reference
    _terminate_user_alloc                     - Undefined Weak Reference
    _terminateio                              - Undefined Weak Reference
    __Vectors_Size                           0x00000188   Number         0  startup_stm32f417xx.o ABSOLUTE
    __Vectors                                0x08000000   Data           4  startup_stm32f417xx.o(RESET)
    __Vectors_End                            0x08000188   Data           0  startup_stm32f417xx.o(RESET)
    __main                                   0x08000189   Thumb Code     8  __main.o(!!!main)
    __scatterload                            0x08000191   Thumb Code     0  __scatter.o(!!!scatter)
    __scatterload_rt2                        0x08000191   Thumb Code    84  __scatter.o(!!!scatter)
    __scatterload_rt2_thumb_only             0x08000191   Thumb Code     0  __scatter.o(!!!scatter)
    __scatterload_loop                       0x0800019b   Thumb Code     0  __scatter.o(!!!scatter)
    __scatterload_copy                       0x080001ed   Thumb Code    26  __scatter_copy.o(!!handler_copy)
    __scatterload_null                       0x08000209   Thumb Code     2  __scatter.o(!!handler_null)
    __scatterload_zeroinit                   0x0800020d   Thumb Code    28  __scatter_zi.o(!!handler_zi)
    _printf_d                                0x08000229   Thumb Code     0  _printf_d.o(.ARM.Collect$$_printf_percent$$00000009)
    _printf_percent                          0x08000229   Thumb Code     0  _printf_percent.o(.ARM.Collect$$_printf_percent$$00000000)
    _printf_percent_end                      0x0800022f   Thumb Code     0  _printf_percent_end.o(.ARM.Collect$$_printf_percent$$00000017)
    __rt_lib_init                            0x08000233   Thumb Code     0  libinit.o(.ARM.Collect$$libinit$$00000000)
    __rt_lib_init_fp_1                       0x08000235   Thumb Code     0  libinit2.o(.ARM.Collect$$libinit$$00000001)
    __rt_lib_init_alloca_1                   0x08000239   Thumb Code     0  libinit2.o(.ARM.Collect$$libinit$$00000030)
    __rt_lib_init_argv_1                     0x08000239   Thumb Code     0  libinit2.o(.ARM.Collect$$libinit$$0000002E)
    __rt_lib_init_atexit_1                   0x08000239   Thumb Code     0  libinit2.o(.ARM.Collect$$libinit$$0000001D)
    __rt_lib_init_clock_1                    0x08000239   Thumb Code     0  libinit2.o(.ARM.Collect$$libinit$$00000023)
    __rt_lib_init_cpp_1                      0x08000239   Thumb Code     0  libinit2.o(.ARM.Collect$$libinit$$00000034)
    __rt_lib_init_exceptions_1               0x08000239   Thumb Code     0  libinit2.o(.ARM.Collect$$libinit$$00000032)
    __rt_lib_init_fp_trap_1                  0x08000239   Thumb Code     0  libinit2.o(.ARM.Collect$$libinit$$00000021)
    __rt_lib_init_getenv_1                   0x08000239   Thumb Code     0  libinit2.o(.ARM.Collect$$libinit$$00000025)
    __rt_lib_init_heap_1                     0x08000239   Thumb Code     0  libinit2.o(.ARM.Collect$$libinit$$0000000C)
    __rt_lib_init_lc_collate_1               0x08000239   Thumb Code     0  libinit2.o(.ARM.Collect$$libinit$$00000013)
    __rt_lib_init_lc_ctype_1                 0x08000239   Thumb Code     0  libinit2.o(.ARM.Collect$$libinit$$00000015)
    __rt_lib_init_lc_monetary_1              0x08000239   Thumb Code     0  libinit2.o(.ARM.Collect$$libinit$$00000017)
    __rt_lib_init_lc_numeric_1               0x08000239   Thumb Code     0  libinit2.o(.ARM.Collect$$libinit$$00000019)
    __rt_lib_init_lc_time_1                  0x08000239   Thumb Code     0  libinit2.o(.ARM.Collect$$libinit$$0000001B)
    __rt_lib_init_preinit_1                  0x08000239   Thumb Code     0  libinit2.o(.ARM.Collect$$libinit$$00000006)
    __rt_lib_init_rand_1                     0x08000239   Thumb Code     0  libinit2.o(.ARM.Collect$$libinit$$00000010)
    __rt_lib_init_relocate_pie_1             0x08000239   Thumb Code     0  libinit2.o(.ARM.Collect$$libinit$$00000004)
    __rt_lib_init_return                     0x08000239   Thumb Code     0  libinit2.o(.ARM.Collect$$libinit$$00000035)
    __rt_lib_init_signal_1                   0x08000239   Thumb Code     0  libinit2.o(.ARM.Collect$$libinit$$0000001F)
    __rt_lib_init_stdio_1                    0x08000239   Thumb Code     0  libinit2.o(.ARM.Collect$$libinit$$00000027)
    __rt_lib_init_user_alloc_1               0x08000239   Thumb Code     0  libinit2.o(.ARM.Collect$$libinit$$0000000E)
    __rt_lib_shutdown                        0x0800023b   Thumb Code     0  libshutdown.o(.ARM.Collect$$libshutdown$$00000000)
    __rt_lib_shutdown_cpp_1                  0x0800023d   Thumb Code     0  libshutdown2.o(.ARM.Collect$$libshutdown$$00000002)
    __rt_lib_shutdown_fp_trap_1              0x0800023d   Thumb Code     0  libshutdown2.o(.ARM.Collect$$libshutdown$$00000007)
    __rt_lib_shutdown_heap_1                 0x0800023d   Thumb Code     0  libshutdown2.o(.ARM.Collect$$libshutdown$$0000000F)
    __rt_lib_shutdown_return                 0x0800023d   Thumb Code     0  libshutdown2.o(.ARM.Collect$$libshutdown$$00000010)
    __rt_lib_shutdown_signal_1               0x0800023d   Thumb Code     0  libshutdown2.o(.ARM.Collect$$libshutdown$$0000000A)
    __rt_lib_shutdown_stdio_1                0x0800023d   Thumb Code     0  libshutdown2.o(.ARM.Collect$$libshutdown$$00000004)
    __rt_lib_shutdown_user_alloc_1           0x0800023d   Thumb Code     0  libshutdown2.o(.ARM.Collect$$libshutdown$$0000000C)
    __rt_entry                               0x0800023f   Thumb Code     0  __rtentry.o(.ARM.Collect$$rtentry$$00000000)
    __rt_entry_presh_1                       0x0800023f   Thumb Code     0  __rtentry2.o(.ARM.Collect$$rtentry$$00000002)
    __rt_entry_sh                            0x0800023f   Thumb Code     0  __rtentry7.o(.ARM.Collect$$rtentry$$00000007)
    __rt_entry_postsh_1                      0x08000243   Thumb Code     0  __rtentry2.o(.ARM.Collect$$rtentry$$00000008)
    __rt_entry_li                            0x0800024b   Thumb Code     0  __rtentry2.o(.ARM.Collect$$rtentry$$0000000A)
    __rt_entry_main                          0x0800024f   Thumb Code     0  __rtentry2.o(.ARM.Collect$$rtentry$$0000000D)
    __rt_entry_postli_1                      0x0800024f   Thumb Code     0  __rtentry2.o(.ARM.Collect$$rtentry$$0000000C)
    __rt_exit                                0x0800025d   Thumb Code     0  rtexit.o(.ARM.Collect$$rtexit$$00000000)
    __rt_exit_ls                             0x0800025f   Thumb Code     0  rtexit2.o(.ARM.Collect$$rtexit$$00000003)
    __rt_exit_prels_1                        0x0800025f   Thumb Code     0  rtexit2.o(.ARM.Collect$$rtexit$$00000002)
    __rt_exit_exit                           0x08000263   Thumb Code     0  rtexit2.o(.ARM.Collect$$rtexit$$00000004)
    Reset_Handler                            0x08000269   Thumb Code     8  startup_stm32f417xx.o(.text)
    ADC_IRQHandler                           0x08000283   Thumb Code     0  startup_stm32f417xx.o(.text)
    CAN1_RX0_IRQHandler                      0x08000283   Thumb Code     0  startup_stm32f417xx.o(.text)
    CAN1_RX1_IRQHandler                      0x08000283   Thumb Code     0  startup_stm32f417xx.o(.text)
    CAN1_SCE_IRQHandler                      0x08000283   Thumb Code     0  startup_stm32f417xx.o(.text)
    CAN1_TX_IRQHandler                       0x08000283   Thumb Code     0  startup_stm32f417xx.o(.text)
    CAN2_RX0_IRQHandler                      0x08000283   Thumb Code     0  startup_stm32f417xx.o(.text)
    CAN2_RX1_IRQHandler                      0x08000283   Thumb Code     0  startup_stm32f417xx.o(.text)
    CAN2_SCE_IRQHandler                      0x08000283   Thumb Code     0  startup_stm32f417xx.o(.text)
    CAN2_TX_IRQHandler                       0x08000283   Thumb Code     0  startup_stm32f417xx.o(.text)
    CRYP_IRQHandler                          0x08000283   Thumb Code     0  startup_stm32f417xx.o(.text)
    DCMI_IRQHandler                          0x08000283   Thumb Code     0  startup_stm32f417xx.o(.text)
    DMA1_Stream0_IRQHandler                  0x08000283   Thumb Code     0  startup_stm32f417xx.o(.text)
    DMA1_Stream1_IRQHandler                  0x08000283   Thumb Code     0  startup_stm32f417xx.o(.text)
    DMA1_Stream2_IRQHandler                  0x08000283   Thumb Code     0  startup_stm32f417xx.o(.text)
    DMA1_Stream3_IRQHandler                  0x08000283   Thumb Code     0  startup_stm32f417xx.o(.text)
    DMA1_Stream4_IRQHandler                  0x08000283   Thumb Code     0  startup_stm32f417xx.o(.text)
    DMA1_Stream5_IRQHandler                  0x08000283   Thumb Code     0  startup_stm32f417xx.o(.text)
    DMA1_Stream6_IRQHandler                  0x08000283   Thumb Code     0  startup_stm32f417xx.o(.text)
    DMA1_Stream7_IRQHandler                  0x08000283   Thumb Code     0  startup_stm32f417xx.o(.text)
    DMA2_Stream0_IRQHandler                  0x08000283   Thumb Code     0  startup_stm32f417xx.o(.text)
    DMA2_Stream1_IRQHandler                  0x08000283   Thumb Code     0  startup_stm32f417xx.o(.text)
    DMA2_Stream2_IRQHandler                  0x08000283   Thumb Code     0  startup_stm32f417xx.o(.text)
    DMA2_Stream3_IRQHandler                  0x08000283   Thumb Code     0  startup_stm32f417xx.o(.text)
    DMA2_Stream4_IRQHandler                  0x08000283   Thumb Code     0  startup_stm32f417xx.o(.text)
    DMA2_Stream5_IRQHandler                  0x08000283   Thumb Code     0  startup_stm32f417xx.o(.text)
    DMA2_Stream6_IRQHandler                  0x08000283   Thumb Code     0  startup_stm32f417xx.o(.text)
    DMA2_Stream7_IRQHandler                  0x08000283   Thumb Code     0  startup_stm32f417xx.o(.text)
    ETH_IRQHandler                           0x08000283   Thumb Code     0  startup_stm32f417xx.o(.text)
    ETH_WKUP_IRQHandler                      0x08000283   Thumb Code     0  startup_stm32f417xx.o(.text)
    EXTI0_IRQHandler                         0x08000283   Thumb Code     0  startup_stm32f417xx.o(.text)
    EXTI15_10_IRQHandler                     0x08000283   Thumb Code     0  startup_stm32f417xx.o(.text)
    EXTI1_IRQHandler                         0x08000283   Thumb Code     0  startup_stm32f417xx.o(.text)
    EXTI2_IRQHandler                         0x08000283   Thumb Code     0  startup_stm32f417xx.o(.text)
    EXTI3_IRQHandler                         0x08000283   Thumb Code     0  startup_stm32f417xx.o(.text)
    EXTI4_IRQHandler                         0x08000283   Thumb Code     0  startup_stm32f417xx.o(.text)
    EXTI9_5_IRQHandler                       0x08000283   Thumb Code     0  startup_stm32f417xx.o(.text)
    FLASH_IRQHandler                         0x08000283   Thumb Code     0  startup_stm32f417xx.o(.text)
    FMC_IRQHandler                           0x08000283   Thumb Code     0  startup_stm32f417xx.o(.text)
    FPU_IRQHandler                           0x08000283   Thumb Code     0  startup_stm32f417xx.o(.text)
    HASH_RNG_IRQHandler                      0x08000283   Thumb Code     0  startup_stm32f417xx.o(.text)
    I2C1_ER_IRQHandler                       0x08000283   Thumb Code     0  startup_stm32f417xx.o(.text)
    I2C1_EV_IRQHandler                       0x08000283   Thumb Code     0  startup_stm32f417xx.o(.text)
    I2C2_ER_IRQHandler                       0x08000283   Thumb Code     0  startup_stm32f417xx.o(.text)
    I2C2_EV_IRQHandler                       0x08000283   Thumb Code     0  startup_stm32f417xx.o(.text)
    I2C3_ER_IRQHandler                       0x08000283   Thumb Code     0  startup_stm32f417xx.o(.text)
    I2C3_EV_IRQHandler                       0x08000283   Thumb Code     0  startup_stm32f417xx.o(.text)
    OTG_FS_IRQHandler                        0x08000283   Thumb Code     0  startup_stm32f417xx.o(.text)
    OTG_FS_WKUP_IRQHandler                   0x08000283   Thumb Code     0  startup_stm32f417xx.o(.text)
    OTG_HS_EP1_IN_IRQHandler                 0x08000283   Thumb Code     0  startup_stm32f417xx.o(.text)
    OTG_HS_EP1_OUT_IRQHandler                0x08000283   Thumb Code     0  startup_stm32f417xx.o(.text)
    OTG_HS_IRQHandler                        0x08000283   Thumb Code     0  startup_stm32f417xx.o(.text)
    OTG_HS_WKUP_IRQHandler                   0x08000283   Thumb Code     0  startup_stm32f417xx.o(.text)
    PVD_IRQHandler                           0x08000283   Thumb Code     0  startup_stm32f417xx.o(.text)
    RCC_IRQHandler                           0x08000283   Thumb Code     0  startup_stm32f417xx.o(.text)
    RTC_Alarm_IRQHandler                     0x08000283   Thumb Code     0  startup_stm32f417xx.o(.text)
    RTC_WKUP_IRQHandler                      0x08000283   Thumb Code     0  startup_stm32f417xx.o(.text)
    SDIO_IRQHandler                          0x08000283   Thumb Code     0  startup_stm32f417xx.o(.text)
    SPI1_IRQHandler                          0x08000283   Thumb Code     0  startup_stm32f417xx.o(.text)
    SPI2_IRQHandler                          0x08000283   Thumb Code     0  startup_stm32f417xx.o(.text)
    SPI3_IRQHandler                          0x08000283   Thumb Code     0  startup_stm32f417xx.o(.text)
    TAMP_STAMP_IRQHandler                    0x08000283   Thumb Code     0  startup_stm32f417xx.o(.text)
    TIM1_BRK_TIM9_IRQHandler                 0x08000283   Thumb Code     0  startup_stm32f417xx.o(.text)
    TIM1_CC_IRQHandler                       0x08000283   Thumb Code     0  startup_stm32f417xx.o(.text)
    TIM1_TRG_COM_TIM11_IRQHandler            0x08000283   Thumb Code     0  startup_stm32f417xx.o(.text)
    TIM1_UP_TIM10_IRQHandler                 0x08000283   Thumb Code     0  startup_stm32f417xx.o(.text)
    TIM2_IRQHandler                          0x08000283   Thumb Code     0  startup_stm32f417xx.o(.text)
    TIM3_IRQHandler                          0x08000283   Thumb Code     0  startup_stm32f417xx.o(.text)
    TIM4_IRQHandler                          0x08000283   Thumb Code     0  startup_stm32f417xx.o(.text)
    TIM5_IRQHandler                          0x08000283   Thumb Code     0  startup_stm32f417xx.o(.text)
    TIM7_IRQHandler                          0x08000283   Thumb Code     0  startup_stm32f417xx.o(.text)
    TIM8_BRK_TIM12_IRQHandler                0x08000283   Thumb Code     0  startup_stm32f417xx.o(.text)
    TIM8_CC_IRQHandler                       0x08000283   Thumb Code     0  startup_stm32f417xx.o(.text)
    TIM8_TRG_COM_TIM14_IRQHandler            0x08000283   Thumb Code     0  startup_stm32f417xx.o(.text)
    TIM8_UP_TIM13_IRQHandler                 0x08000283   Thumb Code     0  startup_stm32f417xx.o(.text)
    UART4_IRQHandler                         0x08000283   Thumb Code     0  startup_stm32f417xx.o(.text)
    UART5_IRQHandler                         0x08000283   Thumb Code     0  startup_stm32f417xx.o(.text)
    USART1_IRQHandler                        0x08000283   Thumb Code     0  startup_stm32f417xx.o(.text)
    USART2_IRQHandler                        0x08000283   Thumb Code     0  startup_stm32f417xx.o(.text)
    USART3_IRQHandler                        0x08000283   Thumb Code     0  startup_stm32f417xx.o(.text)
    USART6_IRQHandler                        0x08000283   Thumb Code     0  startup_stm32f417xx.o(.text)
    WWDG_IRQHandler                          0x08000283   Thumb Code     0  startup_stm32f417xx.o(.text)
    __user_initial_stackheap                 0x08000285   Thumb Code     0  startup_stm32f417xx.o(.text)
    HardFault_Handler                        0x080002a9   Thumb Code     0  hardfaulthandler.o(.text)
    SVC_Handler                              0x080002c1   Thumb Code   208  irq_armv7m.o(.text)
    PendSV_Handler                           0x08000391   Thumb Code    16  irq_armv7m.o(.text)
    SysTick_Handler                          0x080003a1   Thumb Code    16  irq_armv7m.o(.text)
    __aeabi_uldivmod                         0x080003c1   Thumb Code     0  lludivv7m.o(.text)
    _ll_udiv                                 0x080003c1   Thumb Code   240  lludivv7m.o(.text)
    __2printf                                0x080004b1   Thumb Code    20  noretval__2printf.o(.text)
    _printf_pre_padding                      0x080004c9   Thumb Code    44  _printf_pad.o(.text)
    _printf_post_padding                     0x080004f5   Thumb Code    34  _printf_pad.o(.text)
    _printf_int_dec                          0x08000519   Thumb Code   104  _printf_dec.o(.text)
    __printf                                 0x08000591   Thumb Code   308  __printf_flags_wp.o(.text)
    puts                                     0x080006c9   Thumb Code    40  puts.o(.text)
    __aeabi_memcpy                           0x080006f5   Thumb Code     0  rt_memcpy_v6.o(.text)
    __rt_memcpy                              0x080006f5   Thumb Code   138  rt_memcpy_v6.o(.text)
    _memcpy_lastbytes                        0x0800075b   Thumb Code     0  rt_memcpy_v6.o(.text)
    __aeabi_memset4                          0x0800077f   Thumb Code    16  aeabi_memset4.o(.text)
    __aeabi_memset8                          0x0800077f   Thumb Code     0  aeabi_memset4.o(.text)
    __aeabi_memclr                           0x0800078f   Thumb Code     0  rt_memclr.o(.text)
    __rt_memclr                              0x0800078f   Thumb Code     0  rt_memclr.o(.text)
    _memset                                  0x08000793   Thumb Code    64  rt_memclr.o(.text)
    __aeabi_memclr4                          0x080007d3   Thumb Code     0  rt_memclr_w.o(.text)
    __aeabi_memclr8                          0x080007d3   Thumb Code     0  rt_memclr_w.o(.text)
    __rt_memclr_w                            0x080007d3   Thumb Code     0  rt_memclr_w.o(.text)
    _memset_w                                0x080007d7   Thumb Code    74  rt_memclr_w.o(.text)
    __use_two_region_memory                  0x08000821   Thumb Code     2  heapauxi.o(.text)
    __rt_heap_escrow$2region                 0x08000823   Thumb Code     2  heapauxi.o(.text)
    __rt_heap_expand$2region                 0x08000825   Thumb Code     2  heapauxi.o(.text)
    _printf_int_common                       0x08000827   Thumb Code   178  _printf_intcommon.o(.text)
    _printf_char_file                        0x080008d9   Thumb Code    32  _printf_char_file.o(.text)
    __aeabi_memcpy4                          0x080008fd   Thumb Code     0  rt_memcpy_w.o(.text)
    __aeabi_memcpy8                          0x080008fd   Thumb Code     0  rt_memcpy_w.o(.text)
    __rt_memcpy_w                            0x080008fd   Thumb Code   100  rt_memcpy_w.o(.text)
    _memcpy_lastbytes_aligned                0x08000945   Thumb Code     0  rt_memcpy_w.o(.text)
    _printf_char_common                      0x0800096b   Thumb Code    32  _printf_char_common.o(.text)
    exit                                     0x08000991   Thumb Code    18  exit.o(.text)
    _fp_init                                 0x080009a5   Thumb Code    22  rtx_lib.o(.text.$Sub$$_fp_init)
    BusFault_Handler                         0x080009bd   Thumb Code     2  stm32f4xx_it.o(.text.BusFault_Handler)
    DebugMon_Handler                         0x080009c1   Thumb Code     2  stm32f4xx_it.o(.text.DebugMon_Handler)
    EventRecord2                             0x080009c5   Thumb Code   398  eventrecorder.o(.text.EventRecord2)
    EventRecord4                             0x08000b55   Thumb Code   696  eventrecorder.o(.text.EventRecord4)
    EventRecorderTimerGetCount               0x08000e0d   Thumb Code    12  eventrecorder.o(.text.EventRecorderTimerGetCount)
    EvrRtxDelayCompleted                     0x08000e19   Thumb Code    16  rtx_evr.o(.text.EvrRtxDelayCompleted)
    EvrRtxDelayError                         0x08000e29   Thumb Code    12  rtx_evr.o(.text.EvrRtxDelayError)
    EvrRtxDelayUntil                         0x08000e35   Thumb Code    16  rtx_evr.o(.text.EvrRtxDelayUntil)
    EvrRtxDelayUntilStarted                  0x08000e45   Thumb Code    16  rtx_evr.o(.text.EvrRtxDelayUntilStarted)
    EvrRtxEventFlagsWaitTimeout              0x08000e55   Thumb Code    16  rtx_evr.o(.text.EvrRtxEventFlagsWaitTimeout)
    EvrRtxKernelError                        0x08000e65   Thumb Code    12  rtx_evr.o(.text.EvrRtxKernelError)
    EvrRtxKernelErrorNotify                  0x08000e71   Thumb Code    12  rtx_evr.o(.text.EvrRtxKernelErrorNotify)
    EvrRtxKernelGetState                     0x08000e7d   Thumb Code    16  rtx_evr.o(.text.EvrRtxKernelGetState)
    EvrRtxKernelGetTickCount                 0x08000e8d   Thumb Code    16  rtx_evr.o(.text.EvrRtxKernelGetTickCount)
    EvrRtxKernelInitialize                   0x08000e9d   Thumb Code    16  rtx_evr.o(.text.EvrRtxKernelInitialize)
    EvrRtxKernelInitialized                  0x08000ead   Thumb Code    16  rtx_evr.o(.text.EvrRtxKernelInitialized)
    EvrRtxKernelStart                        0x08000ebd   Thumb Code    16  rtx_evr.o(.text.EvrRtxKernelStart)
    EvrRtxKernelStarted                      0x08000ecd   Thumb Code    16  rtx_evr.o(.text.EvrRtxKernelStarted)
    EvrRtxMemoryAlloc                        0x08000edd   Thumb Code    32  rtx_evr.o(.text.EvrRtxMemoryAlloc)
    EvrRtxMemoryBlockAlloc                   0x08000efd   Thumb Code    16  rtx_evr.o(.text.EvrRtxMemoryBlockAlloc)
    EvrRtxMemoryBlockFree                    0x08000f0d   Thumb Code    34  rtx_evr.o(.text.EvrRtxMemoryBlockFree)
    EvrRtxMemoryBlockInit                    0x08000f31   Thumb Code    32  rtx_evr.o(.text.EvrRtxMemoryBlockInit)
    EvrRtxMemoryFree                         0x08000f51   Thumb Code    34  rtx_evr.o(.text.EvrRtxMemoryFree)
    EvrRtxMemoryInit                         0x08000f75   Thumb Code    30  rtx_evr.o(.text.EvrRtxMemoryInit)
    EvrRtxMemoryPoolAllocTimeout             0x08000f95   Thumb Code    16  rtx_evr.o(.text.EvrRtxMemoryPoolAllocTimeout)
    EvrRtxMessageQueueCreated                0x08000fa5   Thumb Code    16  rtx_evr.o(.text.EvrRtxMessageQueueCreated)
    EvrRtxMessageQueueError                  0x08000fb5   Thumb Code    12  rtx_evr.o(.text.EvrRtxMessageQueueError)
    EvrRtxMessageQueueGet                    0x08000fc1   Thumb Code    32  rtx_evr.o(.text.EvrRtxMessageQueueGet)
    EvrRtxMessageQueueGetPending             0x08000fe1   Thumb Code    34  rtx_evr.o(.text.EvrRtxMessageQueueGetPending)
    EvrRtxMessageQueueGetTimeout             0x08001005   Thumb Code    16  rtx_evr.o(.text.EvrRtxMessageQueueGetTimeout)
    EvrRtxMessageQueueInsertPending          0x08001015   Thumb Code    16  rtx_evr.o(.text.EvrRtxMessageQueueInsertPending)
    EvrRtxMessageQueueInserted               0x08001025   Thumb Code    16  rtx_evr.o(.text.EvrRtxMessageQueueInserted)
    EvrRtxMessageQueueNotInserted            0x08001035   Thumb Code    16  rtx_evr.o(.text.EvrRtxMessageQueueNotInserted)
    EvrRtxMessageQueueNotRetrieved           0x08001045   Thumb Code    16  rtx_evr.o(.text.EvrRtxMessageQueueNotRetrieved)
    EvrRtxMessageQueuePut                    0x08001055   Thumb Code    32  rtx_evr.o(.text.EvrRtxMessageQueuePut)
    EvrRtxMessageQueuePutPending             0x08001075   Thumb Code    34  rtx_evr.o(.text.EvrRtxMessageQueuePutPending)
    EvrRtxMessageQueuePutTimeout             0x08001099   Thumb Code    16  rtx_evr.o(.text.EvrRtxMessageQueuePutTimeout)
    EvrRtxMessageQueueRetrieved              0x080010a9   Thumb Code    16  rtx_evr.o(.text.EvrRtxMessageQueueRetrieved)
    EvrRtxMutexAcquire                       0x080010b9   Thumb Code    16  rtx_evr.o(.text.EvrRtxMutexAcquire)
    EvrRtxMutexAcquirePending                0x080010c9   Thumb Code    16  rtx_evr.o(.text.EvrRtxMutexAcquirePending)
    EvrRtxMutexAcquireTimeout                0x080010d9   Thumb Code    16  rtx_evr.o(.text.EvrRtxMutexAcquireTimeout)
    EvrRtxMutexAcquired                      0x080010e9   Thumb Code    16  rtx_evr.o(.text.EvrRtxMutexAcquired)
    EvrRtxMutexCreated                       0x080010f9   Thumb Code    16  rtx_evr.o(.text.EvrRtxMutexCreated)
    EvrRtxMutexDelete                        0x08001109   Thumb Code    16  rtx_evr.o(.text.EvrRtxMutexDelete)
    EvrRtxMutexDestroyed                     0x08001119   Thumb Code    16  rtx_evr.o(.text.EvrRtxMutexDestroyed)
    EvrRtxMutexError                         0x08001129   Thumb Code    12  rtx_evr.o(.text.EvrRtxMutexError)
    EvrRtxMutexNew                           0x08001135   Thumb Code    16  rtx_evr.o(.text.EvrRtxMutexNew)
    EvrRtxMutexNotAcquired                   0x08001145   Thumb Code    16  rtx_evr.o(.text.EvrRtxMutexNotAcquired)
    EvrRtxMutexRelease                       0x08001155   Thumb Code    16  rtx_evr.o(.text.EvrRtxMutexRelease)
    EvrRtxMutexReleased                      0x08001165   Thumb Code    16  rtx_evr.o(.text.EvrRtxMutexReleased)
    EvrRtxSemaphoreAcquireTimeout            0x08001175   Thumb Code    16  rtx_evr.o(.text.EvrRtxSemaphoreAcquireTimeout)
    EvrRtxThreadBlocked                      0x08001185   Thumb Code    16  rtx_evr.o(.text.EvrRtxThreadBlocked)
    EvrRtxThreadCreated                      0x08001195   Thumb Code    24  rtx_evr.o(.text.EvrRtxThreadCreated)
    EvrRtxThreadDestroyed                    0x080011ad   Thumb Code    16  rtx_evr.o(.text.EvrRtxThreadDestroyed)
    EvrRtxThreadError                        0x080011bd   Thumb Code    12  rtx_evr.o(.text.EvrRtxThreadError)
    EvrRtxThreadExit                         0x080011c9   Thumb Code    16  rtx_evr.o(.text.EvrRtxThreadExit)
    EvrRtxThreadFlagsWaitCompleted           0x080011d9   Thumb Code    32  rtx_evr.o(.text.EvrRtxThreadFlagsWaitCompleted)
    EvrRtxThreadFlagsWaitTimeout             0x080011f9   Thumb Code    16  rtx_evr.o(.text.EvrRtxThreadFlagsWaitTimeout)
    EvrRtxThreadJoined                       0x08001209   Thumb Code    16  rtx_evr.o(.text.EvrRtxThreadJoined)
    EvrRtxThreadNew                          0x08001219   Thumb Code    34  rtx_evr.o(.text.EvrRtxThreadNew)
    EvrRtxThreadPreempted                    0x0800123d   Thumb Code    16  rtx_evr.o(.text.EvrRtxThreadPreempted)
    EvrRtxThreadSwitched                     0x0800124d   Thumb Code    16  rtx_evr.o(.text.EvrRtxThreadSwitched)
    EvrRtxThreadUnblocked                    0x0800125d   Thumb Code    16  rtx_evr.o(.text.EvrRtxThreadUnblocked)
    EvrRtxTimerCallback                      0x0800126d   Thumb Code    16  rtx_evr.o(.text.EvrRtxTimerCallback)
    HAL_IncTick                              0x0800127d   Thumb Code    26  stm32f4xx_hal.o(.text.HAL_IncTick)
    HAL_Init                                 0x08001299   Thumb Code    46  stm32f4xx_hal.o(.text.HAL_Init)
    HAL_InitTick                             0x080012c9   Thumb Code   178  stm32f4xx_hal_timebase_tim_template.o(.text.HAL_InitTick)
    HAL_MspInit                              0x0800137d   Thumb Code     2  stm32f4xx_hal_msp_template.o(.text.HAL_MspInit)
    HAL_NVIC_EnableIRQ                       0x08001381   Thumb Code    32  stm32f4xx_hal_cortex.o(.text.HAL_NVIC_EnableIRQ)
    HAL_NVIC_SetPriority                     0x080013a1   Thumb Code    86  stm32f4xx_hal_cortex.o(.text.HAL_NVIC_SetPriority)
    HAL_NVIC_SetPriorityGrouping             0x080013f9   Thumb Code    32  stm32f4xx_hal_cortex.o(.text.HAL_NVIC_SetPriorityGrouping)
    HAL_RCC_GetClockConfig                   0x08001419   Thumb Code    62  stm32f4xx_hal_rcc.o(.text.HAL_RCC_GetClockConfig)
    HAL_RCC_GetPCLK1Freq                     0x08001459   Thumb Code    38  stm32f4xx_hal_rcc.o(.text.HAL_RCC_GetPCLK1Freq)
    HAL_ResumeTick                           0x08001481   Thumb Code    20  stm32f4xx_hal_timebase_tim_template.o(.text.HAL_ResumeTick)
    HAL_SuspendTick                          0x08001495   Thumb Code    20  stm32f4xx_hal_timebase_tim_template.o(.text.HAL_SuspendTick)
    HAL_TIMEx_BreakCallback                  0x080014a9   Thumb Code     2  stm32f4xx_hal_tim_ex.o(.text.HAL_TIMEx_BreakCallback)
    HAL_TIMEx_CommutCallback                 0x080014ad   Thumb Code     2  stm32f4xx_hal_tim_ex.o(.text.HAL_TIMEx_CommutCallback)
    HAL_TIM_Base_Init                        0x080014b1   Thumb Code    64  stm32f4xx_hal_tim.o(.text.HAL_TIM_Base_Init)
    HAL_TIM_Base_MspInit                     0x080014f1   Thumb Code     2  stm32f4xx_hal_tim.o(.text.HAL_TIM_Base_MspInit)
    HAL_TIM_Base_Start_IT                    0x080014f5   Thumb Code   164  stm32f4xx_hal_tim.o(.text.HAL_TIM_Base_Start_IT)
    HAL_TIM_IC_CaptureCallback               0x08001599   Thumb Code     2  stm32f4xx_hal_tim.o(.text.HAL_TIM_IC_CaptureCallback)
    HAL_TIM_IRQHandler                       0x0800159d   Thumb Code   330  stm32f4xx_hal_tim.o(.text.HAL_TIM_IRQHandler)
    HAL_TIM_OC_DelayElapsedCallback          0x080016e9   Thumb Code     2  stm32f4xx_hal_tim.o(.text.HAL_TIM_OC_DelayElapsedCallback)
    HAL_TIM_PWM_PulseFinishedCallback        0x080016ed   Thumb Code     2  stm32f4xx_hal_tim.o(.text.HAL_TIM_PWM_PulseFinishedCallback)
    HAL_TIM_PeriodElapsedCallback            0x080016f1   Thumb Code     4  stm32f4xx_hal_timebase_tim_template.o(.text.HAL_TIM_PeriodElapsedCallback)
    HAL_TIM_TriggerCallback                  0x080016f5   Thumb Code     2  stm32f4xx_hal_tim.o(.text.HAL_TIM_TriggerCallback)
    HardFaultHandler                         0x080016f9   Thumb Code   160  segger_hardfaulthandler.o(.text.HardFaultHandler)
    LL_GPIO_Init                             0x08001799   Thumb Code   214  stm32f4xx_ll_gpio.o(.text.LL_GPIO_Init)
    LL_RCC_GetSystemClocksFreq               0x08001871   Thumb Code   170  stm32f4xx_ll_rcc.o(.text.LL_RCC_GetSystemClocksFreq)
    LL_SetSystemCoreClock                    0x0800191d   Thumb Code    12  stm32f4xx_ll_utils.o(.text.LL_SetSystemCoreClock)
    LL_USART_Init                            0x08001929   Thumb Code   344  stm32f4xx_ll_usart.o(.text.LL_USART_Init)
    MemManage_Handler                        0x08001a81   Thumb Code     2  stm32f4xx_it.o(.text.MemManage_Handler)
    NMI_Handler                              0x08001a85   Thumb Code     2  stm32f4xx_it.o(.text.NMI_Handler)
    OS_Tick_AcknowledgeIRQ                   0x08001a89   Thumb Code    12  os_tick_stim.o(.text.OS_Tick_AcknowledgeIRQ)
    OS_Tick_Enable                           0x08001a95   Thumb Code    50  os_tick_stim.o(.text.OS_Tick_Enable)
    OS_Tick_GetIRQn                          0x08001ac9   Thumb Code     6  os_tick_stim.o(.text.OS_Tick_GetIRQn)
    OS_Tick_Setup                            0x08001ad1   Thumb Code    72  os_tick_stim.o(.text.OS_Tick_Setup)
    SystemClock_Config                       0x08001b19   Thumb Code   214  initial.o(.text.SystemClock_Config)
    SystemInit                               0x08001bf1   Thumb Code    86  system_stm32f4xx.o(.text.SystemInit)
    TIM6_DAC_IRQHandler                      0x08001c49   Thumb Code    12  stm32f4xx_hal_timebase_tim_template.o(.text.TIM6_DAC_IRQHandler)
    TIM_Base_SetConfig                       0x08001c55   Thumb Code   300  stm32f4xx_hal_tim.o(.text.TIM_Base_SetConfig)
    UsageFault_Handler                       0x08001d81   Thumb Code     2  stm32f4xx_it.o(.text.UsageFault_Handler)
    _mutex_acquire                           0x08001d85   Thumb Code    50  rtx_lib.o(.text._mutex_acquire)
    _mutex_free                              0x08001db9   Thumb Code     6  rtx_lib.o(.text._mutex_free)
    _mutex_initialize                        0x08001dc1   Thumb Code    32  rtx_lib.o(.text._mutex_initialize)
    _mutex_release                           0x08001de1   Thumb Code    46  rtx_lib.o(.text._mutex_release)
    _platform_post_stackheap_init            0x08001e11   Thumb Code     4  rtx_lib.o(.text._platform_post_stackheap_init)
    _sys_exit                                0x08001e15   Thumb Code     2  driver_printf.o(.text._sys_exit)
    ferror                                   0x08001e19   Thumb Code     6  driver_printf.o(.text.ferror)
    fputc                                    0x08001e21   Thumb Code    52  driver_printf.o(.text.fputc)
    gpio_init                                0x08001e55   Thumb Code    90  driver_gpio.o(.text.gpio_init)
    gpio_trigger                             0x08001eb1   Thumb Code    18  driver_gpio.o(.text.gpio_trigger)
    main                                     0x08001ec5   Thumb Code    64  main.o(.text.main)
    osDelayUntil                             0x08001f05   Thumb Code    54  rtx_delay.o(.text.osDelayUntil)
    osKernelGetState                         0x08001f3d   Thumb Code    60  rtx_kernel.o(.text.osKernelGetState)
    osKernelGetTickCount                     0x08001f79   Thumb Code    50  rtx_kernel.o(.text.osKernelGetTickCount)
    osKernelInitialize                       0x08001fad   Thumb Code    54  rtx_kernel.o(.text.osKernelInitialize)
    osKernelStart                            0x08001fe5   Thumb Code    50  rtx_kernel.o(.text.osKernelStart)
    osMessageQueueGet                        0x08002019   Thumb Code   212  rtx_msgqueue.o(.text.osMessageQueueGet)
    osMessageQueuePut                        0x080020ed   Thumb Code   166  rtx_msgqueue.o(.text.osMessageQueuePut)
    osMutexAcquire                           0x08002195   Thumb Code    60  rtx_mutex.o(.text.osMutexAcquire)
    osMutexDelete                            0x080021d1   Thumb Code    56  rtx_mutex.o(.text.osMutexDelete)
    osMutexNew                               0x08002209   Thumb Code    56  rtx_mutex.o(.text.osMutexNew)
    osMutexRelease                           0x08002241   Thumb Code    56  rtx_mutex.o(.text.osMutexRelease)
    osRtxErrorNotify                         0x08002279   Thumb Code     2  rtx_config.o(.text.osRtxErrorNotify)
    osRtxIdleThread                          0x0800227d   Thumb Code     2  rtx_config.o(.text.osRtxIdleThread)
    osRtxKernelBeforeInit                    0x08002281   Thumb Code     2  rtx_kernel.o(.text.osRtxKernelBeforeInit)
    osRtxKernelErrorNotify                   0x08002285   Thumb Code    22  rtx_kernel.o(.text.osRtxKernelErrorNotify)
    osRtxMemoryAlloc                         0x0800229d   Thumb Code   128  rtx_memory.o(.text.osRtxMemoryAlloc)
    osRtxMemoryFree                          0x0800231d   Thumb Code    88  rtx_memory.o(.text.osRtxMemoryFree)
    osRtxMemoryInit                          0x08002375   Thumb Code    64  rtx_memory.o(.text.osRtxMemoryInit)
    osRtxMemoryPoolAlloc                     0x080023b5   Thumb Code    68  rtx_mempool.o(.text.osRtxMemoryPoolAlloc)
    osRtxMemoryPoolFree                      0x080023f9   Thumb Code    86  rtx_mempool.o(.text.osRtxMemoryPoolFree)
    osRtxMemoryPoolInit                      0x08002451   Thumb Code    86  rtx_mempool.o(.text.osRtxMemoryPoolInit)
    osRtxMessageQueueTimerSetup              0x08002665   Thumb Code    44  rtx_msgqueue.o(.text.osRtxMessageQueueTimerSetup)
    osRtxMutexOwnerRelease                   0x08002691   Thumb Code   100  rtx_mutex.o(.text.osRtxMutexOwnerRelease)
    osRtxMutexOwnerRestore                   0x080026f5   Thumb Code    80  rtx_mutex.o(.text.osRtxMutexOwnerRestore)
    osRtxPendSV_Handler                      0x08002745   Thumb Code   136  rtx_system.o(.text.osRtxPendSV_Handler)
    osRtxPostProcess                         0x080027f1   Thumb Code   118  rtx_system.o(.text.osRtxPostProcess)
    osRtxThreadBeforeFree                    0x08002869   Thumb Code    36  rtx_lib.o(.text.osRtxThreadBeforeFree)
    osRtxThreadDelayTick                     0x0800288d   Thumb Code   356  rtx_thread.o(.text.osRtxThreadDelayTick)
    osRtxThreadDispatch                      0x080029f1   Thumb Code   276  rtx_thread.o(.text.osRtxThreadDispatch)
    osRtxThreadListGet                       0x08002b6d   Thumb Code    20  rtx_thread.o(.text.osRtxThreadListGet)
    osRtxThreadListPut                       0x08002b81   Thumb Code    44  rtx_thread.o(.text.osRtxThreadListPut)
    osRtxThreadListRemove                    0x08002bad   Thumb Code    26  rtx_thread.o(.text.osRtxThreadListRemove)
    osRtxThreadListSort                      0x08002bc9   Thumb Code   106  rtx_thread.o(.text.osRtxThreadListSort)
    osRtxThreadReadyPut                      0x08002cd1   Thumb Code    60  rtx_thread.o(.text.osRtxThreadReadyPut)
    osRtxThreadRegPtr                        0x08002d0d   Thumb Code    20  rtx_thread.o(.text.osRtxThreadRegPtr)
    osRtxThreadStackCheck                    0x08002d21   Thumb Code    32  rtx_thread.o(.text.osRtxThreadStackCheck)
    osRtxThreadStartup                       0x08002d41   Thumb Code    82  rtx_thread.o(.text.osRtxThreadStartup)
    osRtxThreadSwitch                        0x08002d95   Thumb Code    36  rtx_thread.o(.text.osRtxThreadSwitch)
    osRtxThreadWaitEnter                     0x08002db9   Thumb Code   250  rtx_thread.o(.text.osRtxThreadWaitEnter)
    osRtxThreadWaitExit                      0x08002eb5   Thumb Code   164  rtx_thread.o(.text.osRtxThreadWaitExit)
    osRtxTick_Handler                        0x08002f59   Thumb Code   132  rtx_system.o(.text.osRtxTick_Handler)
    osRtxTimerSetup                          0x08002fdd   Thumb Code    38  rtx_timer.o(.text.osRtxTimerSetup)
    osRtxTimerThread                         0x08003005   Thumb Code    42  rtx_timer.o(.text.osRtxTimerThread)
    osThreadExit                             0x08003101   Thumb Code    26  rtx_thread.o(.text.osThreadExit)
    osThreadNew                              0x0800311d   Thumb Code    64  rtx_thread.o(.text.osThreadNew)
    sInitMCU                                 0x0800315d   Thumb Code   338  initial.o(.text.sInitMCU)
    sPRINTF_Configuration                    0x080032b1   Thumb Code   178  driver_printf.o(.text.sPRINTF_Configuration)
    thread_start_task                        0x080040a5   Thumb Code   104  main.o(.text.thread_start_task)
    _is_digit                                0x08004155   Thumb Code    14  __printf_wp.o(i._is_digit)
    $Super$$_fp_init                         0x08004163   Thumb Code    26  fpinit.o(x$fpl$fpinit)
    __fplib_config_fpu_vfp                   0x0800417b   Thumb Code     0  fpinit.o(x$fpl$fpinit)
    __fplib_config_pureend_doubles           0x0800417b   Thumb Code     0  fpinit.o(x$fpl$fpinit)
    osRtxConfig                              0x08004190   Data         112  rtx_lib.o(.rodata)
    os_cb_sections                           0x08004200   Data          56  rtx_lib.o(.rodata)
    AHBPrescTable                            0x08004238   Data          16  system_stm32f4xx.o(.rodata.AHBPrescTable)
    APBPrescTable                            0x08004248   Data           8  system_stm32f4xx.o(.rodata.APBPrescTable)
    EventRecorderInfo                        0x08004250   Data          24  eventrecorder.o(.rodata.EventRecorderInfo)
    ThreadStart_Attr                         0x08004268   Data          36  main.o(.rodata.ThreadStart_Attr)
    gpio_handlers                            0x0800428c   Data         184  driver_gpio.o(.rodata.gpio_handlers)
    gpio_peripheral_clocks                   0x08004344   Data          36  driver_gpio.o(.rodata.gpio_peripheral_clocks)
    osRtxUserSVC                             0x08004368   Data           4  rtx_lib.o(.rodata.osRtxUserSVC)
    pin_config_handlers                      0x080043cc   Data         460  driver_gpio.o(.rodata.pin_config_handlers)
    Region$$Table$$Base                      0x080045b8   Number         0  anon$$obj.o(Region$$Table)
    Region$$Table$$Limit                     0x080045d8   Number         0  anon$$obj.o(Region$$Table)
    mico_system_content                      0x20000000   Data          20  driver_data.o(.ARM.__at_0x20000000)
    SystemCoreClock                          0x20000014   Data           4  system_stm32f4xx.o(.data.SystemCoreClock)
    osRtxInfo                                0x20000018   Data         164  rtx_kernel.o(.data.os)
    uwTickFreq                               0x200000bc   Data           4  stm32f4xx_hal.o(.data.uwTickFreq)
    uwTickPrio                               0x200000c0   Data           4  stm32f4xx_hal.o(.data.uwTickPrio)
    ThreadIdStart                            0x20000144   Data           4  main.o(.bss.ThreadIdStart)
    TimHandle                                0x20000148   Data         104  stm32f4xx_hal_timebase_tim_template.o(.bss.TimHandle)
    __stderr                                 0x200001b4   Data          84  driver_printf.o(.bss.__stderr)
    __stdout                                 0x20000208   Data          84  driver_printf.o(.bss.__stdout)
    .bss.os.msgqueue.cb$$Base                0x2000895c   Number         0  rtx_lib.o(.bss.os.msgqueue.cb)
    .bss.os.msgqueue.cb$$Limit               0x20008990   Number         0  rtx_lib.o(.bss.os.msgqueue.cb)
    .bss.os.thread.cb$$Base                  0x200089e0   Number         0  rtx_lib.o(.bss.os.thread.cb)
    .bss.os.thread.cb$$Limit                 0x20008a80   Number         0  rtx_lib.o(.bss.os.thread.cb)
    uwTick                                   0x20008e84   Data           4  stm32f4xx_hal.o(.bss.uwTick)
    Image$$ARM_LIB_STACK$$ZI$$Limit          0x20020000   Number         0  anon$$obj.o ABSOLUTE



==============================================================================

Memory Map of the image

  Image Entry point : 0x08000189

  Load Region LR_IROM1 (Base: 0x08000000, Size: 0x00004700, Max: 0x00100000, ABSOLUTE)

    Execution Region ER_IROM1 (Exec base: 0x08000000, Load base: 0x08000000, Size: 0x000045d8, Max: 0x00100000, ABSOLUTE)

    Exec Addr    Load Addr    Size         Type   Attr      Idx    E Section Name        Object

    0x08000000   0x08000000   0x00000188   Data   RO          124    RESET               startup_stm32f417xx.o
    0x08000188   0x08000188   0x00000008   Code   RO         4539  * !!!main             c_wu.l(__main.o)
    0x08000190   0x08000190   0x0000005c   Code   RO         4720    !!!scatter          c_wu.l(__scatter.o)
    0x080001ec   0x080001ec   0x0000001a   Code   RO         4724    !!handler_copy      c_wu.l(__scatter_copy.o)
    0x08000206   0x08000206   0x00000002   PAD
    0x08000208   0x08000208   0x00000002   Code   RO         4721    !!handler_null      c_wu.l(__scatter.o)
    0x0800020a   0x0800020a   0x00000002   PAD
    0x0800020c   0x0800020c   0x0000001c   Code   RO         4726    !!handler_zi        c_wu.l(__scatter_zi.o)
    0x08000228   0x08000228   0x00000000   Code   RO         4526    .ARM.Collect$$_printf_percent$$00000000  c_wu.l(_printf_percent.o)
    0x08000228   0x08000228   0x00000006   Code   RO         4525    .ARM.Collect$$_printf_percent$$00000009  c_wu.l(_printf_d.o)
    0x0800022e   0x0800022e   0x00000004   Code   RO         4552    .ARM.Collect$$_printf_percent$$00000017  c_wu.l(_printf_percent_end.o)
    0x08000232   0x08000232   0x00000002   Code   RO         4592    .ARM.Collect$$libinit$$00000000  c_wu.l(libinit.o)
    0x08000234   0x08000234   0x00000004   Code   RO         4604    .ARM.Collect$$libinit$$00000001  c_wu.l(libinit2.o)
    0x08000238   0x08000238   0x00000000   Code   RO         4607    .ARM.Collect$$libinit$$00000004  c_wu.l(libinit2.o)
    0x08000238   0x08000238   0x00000000   Code   RO         4609    .ARM.Collect$$libinit$$00000006  c_wu.l(libinit2.o)
    0x08000238   0x08000238   0x00000000   Code   RO         4612    .ARM.Collect$$libinit$$0000000C  c_wu.l(libinit2.o)
    0x08000238   0x08000238   0x00000000   Code   RO         4614    .ARM.Collect$$libinit$$0000000E  c_wu.l(libinit2.o)
    0x08000238   0x08000238   0x00000000   Code   RO         4616    .ARM.Collect$$libinit$$00000010  c_wu.l(libinit2.o)
    0x08000238   0x08000238   0x00000000   Code   RO         4619    .ARM.Collect$$libinit$$00000013  c_wu.l(libinit2.o)
    0x08000238   0x08000238   0x00000000   Code   RO         4621    .ARM.Collect$$libinit$$00000015  c_wu.l(libinit2.o)
    0x08000238   0x08000238   0x00000000   Code   RO         4623    .ARM.Collect$$libinit$$00000017  c_wu.l(libinit2.o)
    0x08000238   0x08000238   0x00000000   Code   RO         4625    .ARM.Collect$$libinit$$00000019  c_wu.l(libinit2.o)
    0x08000238   0x08000238   0x00000000   Code   RO         4627    .ARM.Collect$$libinit$$0000001B  c_wu.l(libinit2.o)
    0x08000238   0x08000238   0x00000000   Code   RO         4629    .ARM.Collect$$libinit$$0000001D  c_wu.l(libinit2.o)
    0x08000238   0x08000238   0x00000000   Code   RO         4631    .ARM.Collect$$libinit$$0000001F  c_wu.l(libinit2.o)
    0x08000238   0x08000238   0x00000000   Code   RO         4633    .ARM.Collect$$libinit$$00000021  c_wu.l(libinit2.o)
    0x08000238   0x08000238   0x00000000   Code   RO         4635    .ARM.Collect$$libinit$$00000023  c_wu.l(libinit2.o)
    0x08000238   0x08000238   0x00000000   Code   RO         4637    .ARM.Collect$$libinit$$00000025  c_wu.l(libinit2.o)
    0x08000238   0x08000238   0x00000000   Code   RO         4639    .ARM.Collect$$libinit$$00000027  c_wu.l(libinit2.o)
    0x08000238   0x08000238   0x00000000   Code   RO         4643    .ARM.Collect$$libinit$$0000002E  c_wu.l(libinit2.o)
    0x08000238   0x08000238   0x00000000   Code   RO         4645    .ARM.Collect$$libinit$$00000030  c_wu.l(libinit2.o)
    0x08000238   0x08000238   0x00000000   Code   RO         4647    .ARM.Collect$$libinit$$00000032  c_wu.l(libinit2.o)
    0x08000238   0x08000238   0x00000000   Code   RO         4649    .ARM.Collect$$libinit$$00000034  c_wu.l(libinit2.o)
    0x08000238   0x08000238   0x00000002   Code   RO         4650    .ARM.Collect$$libinit$$00000035  c_wu.l(libinit2.o)
    0x0800023a   0x0800023a   0x00000002   Code   RO         4672    .ARM.Collect$$libshutdown$$00000000  c_wu.l(libshutdown.o)
    0x0800023c   0x0800023c   0x00000000   Code   RO         4700    .ARM.Collect$$libshutdown$$00000002  c_wu.l(libshutdown2.o)
    0x0800023c   0x0800023c   0x00000000   Code   RO         4702    .ARM.Collect$$libshutdown$$00000004  c_wu.l(libshutdown2.o)
    0x0800023c   0x0800023c   0x00000000   Code   RO         4705    .ARM.Collect$$libshutdown$$00000007  c_wu.l(libshutdown2.o)
    0x0800023c   0x0800023c   0x00000000   Code   RO         4708    .ARM.Collect$$libshutdown$$0000000A  c_wu.l(libshutdown2.o)
    0x0800023c   0x0800023c   0x00000000   Code   RO         4710    .ARM.Collect$$libshutdown$$0000000C  c_wu.l(libshutdown2.o)
    0x0800023c   0x0800023c   0x00000000   Code   RO         4713    .ARM.Collect$$libshutdown$$0000000F  c_wu.l(libshutdown2.o)
    0x0800023c   0x0800023c   0x00000002   Code   RO         4714    .ARM.Collect$$libshutdown$$00000010  c_wu.l(libshutdown2.o)
    0x0800023e   0x0800023e   0x00000000   Code   RO         4543    .ARM.Collect$$rtentry$$00000000  c_wu.l(__rtentry.o)
    0x0800023e   0x0800023e   0x00000000   Code   RO         4556    .ARM.Collect$$rtentry$$00000002  c_wu.l(__rtentry2.o)
    0x0800023e   0x0800023e   0x00000004   Code   RO         4570    .ARM.Collect$$rtentry$$00000007  c_wu.l(__rtentry7.o)
    0x08000242   0x08000242   0x00000008   Code   RO         4557    .ARM.Collect$$rtentry$$00000008  c_wu.l(__rtentry2.o)
    0x0800024a   0x0800024a   0x00000004   Code   RO         4559    .ARM.Collect$$rtentry$$0000000A  c_wu.l(__rtentry2.o)
    0x0800024e   0x0800024e   0x00000000   Code   RO         4561    .ARM.Collect$$rtentry$$0000000C  c_wu.l(__rtentry2.o)
    0x0800024e   0x0800024e   0x00000008   Code   RO         4562    .ARM.Collect$$rtentry$$0000000D  c_wu.l(__rtentry2.o)
    0x08000256   0x08000256   0x00000002   PAD
    0x08000258   0x08000258   0x00000004   Code   RO         4571    .ARM.Collect$$rtentry$$00002718  c_wu.l(__rtentry7.o)
    0x0800025c   0x0800025c   0x00000002   Code   RO         4596    .ARM.Collect$$rtexit$$00000000  c_wu.l(rtexit.o)
    0x0800025e   0x0800025e   0x00000000   Code   RO         4652    .ARM.Collect$$rtexit$$00000002  c_wu.l(rtexit2.o)
    0x0800025e   0x0800025e   0x00000004   Code   RO         4653    .ARM.Collect$$rtexit$$00000003  c_wu.l(rtexit2.o)
    0x08000262   0x08000262   0x00000006   Code   RO         4654    .ARM.Collect$$rtexit$$00000004  c_wu.l(rtexit2.o)
    0x08000268   0x08000268   0x00000040   Code   RO          125    .text               startup_stm32f417xx.o
    0x080002a8   0x080002a8   0x00000018   Code   RO          163    .text               hardfaulthandler.o
    0x080002c0   0x080002c0   0x00000100   Code   RO         4484    .text               irq_armv7m.o
    0x080003c0   0x080003c0   0x000000f0   Code   RO         4493    .text               c_wu.l(lludivv7m.o)
    0x080004b0   0x080004b0   0x00000018   Code   RO         4497    .text               c_wu.l(noretval__2printf.o)
    0x080004c8   0x080004c8   0x0000004e   Code   RO         4501    .text               c_wu.l(_printf_pad.o)
    0x08000516   0x08000516   0x00000002   PAD
    0x08000518   0x08000518   0x00000078   Code   RO         4503    .text               c_wu.l(_printf_dec.o)
    0x08000590   0x08000590   0x00000138   Code   RO         4517    .text               c_wu.l(__printf_flags_wp.o)
    0x080006c8   0x080006c8   0x0000002c   Code   RO         4527    .text               c_wu.l(puts.o)
    0x080006f4   0x080006f4   0x0000008a   Code   RO         4529    .text               c_wu.l(rt_memcpy_v6.o)
    0x0800077e   0x0800077e   0x00000010   Code   RO         4531    .text               c_wu.l(aeabi_memset4.o)
    0x0800078e   0x0800078e   0x00000044   Code   RO         4533    .text               c_wu.l(rt_memclr.o)
    0x080007d2   0x080007d2   0x0000004e   Code   RO         4535    .text               c_wu.l(rt_memclr_w.o)
    0x08000820   0x08000820   0x00000006   Code   RO         4537    .text               c_wu.l(heapauxi.o)
    0x08000826   0x08000826   0x000000b2   Code   RO         4548    .text               c_wu.l(_printf_intcommon.o)
    0x080008d8   0x080008d8   0x00000024   Code   RO         4550    .text               c_wu.l(_printf_char_file.o)
    0x080008fc   0x080008fc   0x00000064   Code   RO         4553    .text               c_wu.l(rt_memcpy_w.o)
    0x08000960   0x08000960   0x00000030   Code   RO         4577    .text               c_wu.l(_printf_char_common.o)
    0x08000990   0x08000990   0x00000012   Code   RO         4583    .text               c_wu.l(exit.o)
    0x080009a2   0x080009a2   0x00000002   PAD
    0x080009a4   0x080009a4   0x00000016   Code   RO         4004    .text.$Sub$$_fp_init  rtx_lib.o
    0x080009ba   0x080009ba   0x00000002   PAD
    0x080009bc   0x080009bc   0x00000002   Code   RO          136    .text.BusFault_Handler  stm32f4xx_it.o
    0x080009be   0x080009be   0x00000002   PAD
    0x080009c0   0x080009c0   0x00000002   Code   RO          140    .text.DebugMon_Handler  stm32f4xx_it.o
    0x080009c2   0x080009c2   0x00000002   PAD
    0x080009c4   0x080009c4   0x0000018e   Code   RO         3480    .text.EventRecord2  eventrecorder.o
    0x08000b52   0x08000b52   0x00000002   PAD
    0x08000b54   0x08000b54   0x000002b8   Code   RO         3482    .text.EventRecord4  eventrecorder.o
    0x08000e0c   0x08000e0c   0x0000000c   Code   RO         3464    .text.EventRecorderTimerGetCount  eventrecorder.o
    0x08000e18   0x08000e18   0x00000010   Code   RO         3724    .text.EvrRtxDelayCompleted  rtx_evr.o
    0x08000e28   0x08000e28   0x0000000c   Code   RO         3714    .text.EvrRtxDelayError  rtx_evr.o
    0x08000e34   0x08000e34   0x00000010   Code   RO         3718    .text.EvrRtxDelayUntil  rtx_evr.o
    0x08000e44   0x08000e44   0x00000010   Code   RO         3722    .text.EvrRtxDelayUntilStarted  rtx_evr.o
    0x08000e54   0x08000e54   0x00000010   Code   RO         3772    .text.EvrRtxEventFlagsWaitTimeout  rtx_evr.o
    0x08000e64   0x08000e64   0x0000000c   Code   RO         3560    .text.EvrRtxKernelError  rtx_evr.o
    0x08000e70   0x08000e70   0x0000000c   Code   RO         3608    .text.EvrRtxKernelErrorNotify  rtx_evr.o
    0x08000e7c   0x08000e7c   0x00000010   Code   RO         3570    .text.EvrRtxKernelGetState  rtx_evr.o
    0x08000e8c   0x08000e8c   0x00000010   Code   RO         3600    .text.EvrRtxKernelGetTickCount  rtx_evr.o
    0x08000e9c   0x08000e9c   0x00000010   Code   RO         3562    .text.EvrRtxKernelInitialize  rtx_evr.o
    0x08000eac   0x08000eac   0x00000010   Code   RO         3564    .text.EvrRtxKernelInitialized  rtx_evr.o
    0x08000ebc   0x08000ebc   0x00000010   Code   RO         3572    .text.EvrRtxKernelStart  rtx_evr.o
    0x08000ecc   0x08000ecc   0x00000010   Code   RO         3574    .text.EvrRtxKernelStarted  rtx_evr.o
    0x08000edc   0x08000edc   0x00000020   Code   RO         3550    .text.EvrRtxMemoryAlloc  rtx_evr.o
    0x08000efc   0x08000efc   0x00000010   Code   RO         3556    .text.EvrRtxMemoryBlockAlloc  rtx_evr.o
    0x08000f0c   0x08000f0c   0x00000022   Code   RO         3558    .text.EvrRtxMemoryBlockFree  rtx_evr.o
    0x08000f2e   0x08000f2e   0x00000002   PAD
    0x08000f30   0x08000f30   0x00000020   Code   RO         3554    .text.EvrRtxMemoryBlockInit  rtx_evr.o
    0x08000f50   0x08000f50   0x00000022   Code   RO         3552    .text.EvrRtxMemoryFree  rtx_evr.o
    0x08000f72   0x08000f72   0x00000002   PAD
    0x08000f74   0x08000f74   0x0000001e   Code   RO         3548    .text.EvrRtxMemoryInit  rtx_evr.o
    0x08000f92   0x08000f92   0x00000002   PAD
    0x08000f94   0x08000f94   0x00000010   Code   RO         3850    .text.EvrRtxMemoryPoolAllocTimeout  rtx_evr.o
    0x08000fa4   0x08000fa4   0x00000010   Code   RO         3878    .text.EvrRtxMessageQueueCreated  rtx_evr.o
    0x08000fb4   0x08000fb4   0x0000000c   Code   RO         3874    .text.EvrRtxMessageQueueError  rtx_evr.o
    0x08000fc0   0x08000fc0   0x00000020   Code   RO         3894    .text.EvrRtxMessageQueueGet  rtx_evr.o
    0x08000fe0   0x08000fe0   0x00000022   Code   RO         3896    .text.EvrRtxMessageQueueGetPending  rtx_evr.o
    0x08001002   0x08001002   0x00000002   PAD
    0x08001004   0x08001004   0x00000010   Code   RO         3898    .text.EvrRtxMessageQueueGetTimeout  rtx_evr.o
    0x08001014   0x08001014   0x00000010   Code   RO         3888    .text.EvrRtxMessageQueueInsertPending  rtx_evr.o
    0x08001024   0x08001024   0x00000010   Code   RO         3890    .text.EvrRtxMessageQueueInserted  rtx_evr.o
    0x08001034   0x08001034   0x00000010   Code   RO         3892    .text.EvrRtxMessageQueueNotInserted  rtx_evr.o
    0x08001044   0x08001044   0x00000010   Code   RO         3902    .text.EvrRtxMessageQueueNotRetrieved  rtx_evr.o
    0x08001054   0x08001054   0x00000020   Code   RO         3882    .text.EvrRtxMessageQueuePut  rtx_evr.o
    0x08001074   0x08001074   0x00000022   Code   RO         3884    .text.EvrRtxMessageQueuePutPending  rtx_evr.o
    0x08001096   0x08001096   0x00000002   PAD
    0x08001098   0x08001098   0x00000010   Code   RO         3886    .text.EvrRtxMessageQueuePutTimeout  rtx_evr.o
    0x080010a8   0x080010a8   0x00000010   Code   RO         3900    .text.EvrRtxMessageQueueRetrieved  rtx_evr.o
    0x080010b8   0x080010b8   0x00000010   Code   RO         3790    .text.EvrRtxMutexAcquire  rtx_evr.o
    0x080010c8   0x080010c8   0x00000010   Code   RO         3792    .text.EvrRtxMutexAcquirePending  rtx_evr.o
    0x080010d8   0x080010d8   0x00000010   Code   RO         3794    .text.EvrRtxMutexAcquireTimeout  rtx_evr.o
    0x080010e8   0x080010e8   0x00000010   Code   RO         3796    .text.EvrRtxMutexAcquired  rtx_evr.o
    0x080010f8   0x080010f8   0x00000010   Code   RO         3786    .text.EvrRtxMutexCreated  rtx_evr.o
    0x08001108   0x08001108   0x00000010   Code   RO         3806    .text.EvrRtxMutexDelete  rtx_evr.o
    0x08001118   0x08001118   0x00000010   Code   RO         3808    .text.EvrRtxMutexDestroyed  rtx_evr.o
    0x08001128   0x08001128   0x0000000c   Code   RO         3782    .text.EvrRtxMutexError  rtx_evr.o
    0x08001134   0x08001134   0x00000010   Code   RO         3784    .text.EvrRtxMutexNew  rtx_evr.o
    0x08001144   0x08001144   0x00000010   Code   RO         3798    .text.EvrRtxMutexNotAcquired  rtx_evr.o
    0x08001154   0x08001154   0x00000010   Code   RO         3800    .text.EvrRtxMutexRelease  rtx_evr.o
    0x08001164   0x08001164   0x00000010   Code   RO         3802    .text.EvrRtxMutexReleased  rtx_evr.o
    0x08001174   0x08001174   0x00000010   Code   RO         3822    .text.EvrRtxSemaphoreAcquireTimeout  rtx_evr.o
    0x08001184   0x08001184   0x00000010   Code   RO         3658    .text.EvrRtxThreadBlocked  rtx_evr.o
    0x08001194   0x08001194   0x00000018   Code   RO         3616    .text.EvrRtxThreadCreated  rtx_evr.o
    0x080011ac   0x080011ac   0x00000010   Code   RO         3670    .text.EvrRtxThreadDestroyed  rtx_evr.o
    0x080011bc   0x080011bc   0x0000000c   Code   RO         3612    .text.EvrRtxThreadError  rtx_evr.o
    0x080011c8   0x080011c8   0x00000010   Code   RO         3666    .text.EvrRtxThreadExit  rtx_evr.o
    0x080011d8   0x080011d8   0x00000020   Code   RO         3710    .text.EvrRtxThreadFlagsWaitCompleted  rtx_evr.o
    0x080011f8   0x080011f8   0x00000010   Code   RO         3708    .text.EvrRtxThreadFlagsWaitTimeout  rtx_evr.o
    0x08001208   0x08001208   0x00000010   Code   RO         3656    .text.EvrRtxThreadJoined  rtx_evr.o
    0x08001218   0x08001218   0x00000022   Code   RO         3614    .text.EvrRtxThreadNew  rtx_evr.o
    0x0800123a   0x0800123a   0x00000002   PAD
    0x0800123c   0x0800123c   0x00000010   Code   RO         3662    .text.EvrRtxThreadPreempted  rtx_evr.o
    0x0800124c   0x0800124c   0x00000010   Code   RO         3664    .text.EvrRtxThreadSwitched  rtx_evr.o
    0x0800125c   0x0800125c   0x00000010   Code   RO         3660    .text.EvrRtxThreadUnblocked  rtx_evr.o
    0x0800126c   0x0800126c   0x00000010   Code   RO         3728    .text.EvrRtxTimerCallback  rtx_evr.o
    0x0800127c   0x0800127c   0x0000001a   Code   RO          190    .text.HAL_IncTick   stm32f4xx_hal.o
    0x08001296   0x08001296   0x00000002   PAD
    0x08001298   0x08001298   0x0000002e   Code   RO          180    .text.HAL_Init      stm32f4xx_hal.o
    0x080012c6   0x080012c6   0x00000002   PAD
    0x080012c8   0x080012c8   0x000000b2   Code   RO         2650    .text.HAL_InitTick  stm32f4xx_hal_timebase_tim_template.o
    0x0800137a   0x0800137a   0x00000002   PAD
    0x0800137c   0x0800137c   0x00000002   Code   RO         1464    .text.HAL_MspInit   stm32f4xx_hal_msp_template.o
    0x0800137e   0x0800137e   0x00000002   PAD
    0x08001380   0x08001380   0x00000020   Code   RO          426    .text.HAL_NVIC_EnableIRQ  stm32f4xx_hal_cortex.o
    0x080013a0   0x080013a0   0x00000056   Code   RO          424    .text.HAL_NVIC_SetPriority  stm32f4xx_hal_cortex.o
    0x080013f6   0x080013f6   0x00000002   PAD
    0x080013f8   0x080013f8   0x00000020   Code   RO          422    .text.HAL_NVIC_SetPriorityGrouping  stm32f4xx_hal_cortex.o
    0x08001418   0x08001418   0x0000003e   Code   RO         1796    .text.HAL_RCC_GetClockConfig  stm32f4xx_hal_rcc.o
    0x08001456   0x08001456   0x00000002   PAD
    0x08001458   0x08001458   0x00000026   Code   RO         1790    .text.HAL_RCC_GetPCLK1Freq  stm32f4xx_hal_rcc.o
    0x0800147e   0x0800147e   0x00000002   PAD
    0x08001480   0x08001480   0x00000014   Code   RO         2654    .text.HAL_ResumeTick  stm32f4xx_hal_timebase_tim_template.o
    0x08001494   0x08001494   0x00000014   Code   RO         2652    .text.HAL_SuspendTick  stm32f4xx_hal_timebase_tim_template.o
    0x080014a8   0x080014a8   0x00000002   Code   RO         2636    .text.HAL_TIMEx_BreakCallback  stm32f4xx_hal_tim_ex.o
    0x080014aa   0x080014aa   0x00000002   PAD
    0x080014ac   0x080014ac   0x00000002   Code   RO         2632    .text.HAL_TIMEx_CommutCallback  stm32f4xx_hal_tim_ex.o
    0x080014ae   0x080014ae   0x00000002   PAD
    0x080014b0   0x080014b0   0x00000040   Code   RO         2331    .text.HAL_TIM_Base_Init  stm32f4xx_hal_tim.o
    0x080014f0   0x080014f0   0x00000002   Code   RO         2333    .text.HAL_TIM_Base_MspInit  stm32f4xx_hal_tim.o
    0x080014f2   0x080014f2   0x00000002   PAD
    0x080014f4   0x080014f4   0x000000a4   Code   RO         2345    .text.HAL_TIM_Base_Start_IT  stm32f4xx_hal_tim.o
    0x08001598   0x08001598   0x00000002   Code   RO         2467    .text.HAL_TIM_IC_CaptureCallback  stm32f4xx_hal_tim.o
    0x0800159a   0x0800159a   0x00000002   PAD
    0x0800159c   0x0800159c   0x0000014a   Code   RO         2465    .text.HAL_TIM_IRQHandler  stm32f4xx_hal_tim.o
    0x080016e6   0x080016e6   0x00000002   PAD
    0x080016e8   0x080016e8   0x00000002   Code   RO         2469    .text.HAL_TIM_OC_DelayElapsedCallback  stm32f4xx_hal_tim.o
    0x080016ea   0x080016ea   0x00000002   PAD
    0x080016ec   0x080016ec   0x00000002   Code   RO         2471    .text.HAL_TIM_PWM_PulseFinishedCallback  stm32f4xx_hal_tim.o
    0x080016ee   0x080016ee   0x00000002   PAD
    0x080016f0   0x080016f0   0x00000004   Code   RO         2656    .text.HAL_TIM_PeriodElapsedCallback  stm32f4xx_hal_timebase_tim_template.o
    0x080016f4   0x080016f4   0x00000002   Code   RO         2475    .text.HAL_TIM_TriggerCallback  stm32f4xx_hal_tim.o
    0x080016f6   0x080016f6   0x00000002   PAD
    0x080016f8   0x080016f8   0x000000a0   Code   RO          169    .text.HardFaultHandler  segger_hardfaulthandler.o
    0x08001798   0x08001798   0x000000d6   Code   RO         3022    .text.LL_GPIO_Init  stm32f4xx_ll_gpio.o
    0x0800186e   0x0800186e   0x00000002   PAD
    0x08001870   0x08001870   0x000000aa   Code   RO         3060    .text.LL_RCC_GetSystemClocksFreq  stm32f4xx_ll_rcc.o
    0x0800191a   0x0800191a   0x00000002   PAD
    0x0800191c   0x0800191c   0x0000000c   Code   RO         3419    .text.LL_SetSystemCoreClock  stm32f4xx_ll_utils.o
    0x08001928   0x08001928   0x00000158   Code   RO         3295    .text.LL_USART_Init  stm32f4xx_ll_usart.o
    0x08001a80   0x08001a80   0x00000002   Code   RO          134    .text.MemManage_Handler  stm32f4xx_it.o
    0x08001a82   0x08001a82   0x00000002   PAD
    0x08001a84   0x08001a84   0x00000002   Code   RO          132    .text.NMI_Handler   stm32f4xx_it.o
    0x08001a86   0x08001a86   0x00000002   PAD
    0x08001a88   0x08001a88   0x0000000c   Code   RO         4453    .text.OS_Tick_AcknowledgeIRQ  os_tick_stim.o
    0x08001a94   0x08001a94   0x00000032   Code   RO         4449    .text.OS_Tick_Enable  os_tick_stim.o
    0x08001ac6   0x08001ac6   0x00000002   PAD
    0x08001ac8   0x08001ac8   0x00000006   Code   RO         4455    .text.OS_Tick_GetIRQn  os_tick_stim.o
    0x08001ace   0x08001ace   0x00000002   PAD
    0x08001ad0   0x08001ad0   0x00000048   Code   RO         4447    .text.OS_Tick_Setup  os_tick_stim.o
    0x08001b18   0x08001b18   0x000000d6   Code   RO           20    .text.SystemClock_Config  initial.o
    0x08001bee   0x08001bee   0x00000002   PAD
    0x08001bf0   0x08001bf0   0x00000056   Code   RO          149    .text.SystemInit    system_stm32f4xx.o
    0x08001c46   0x08001c46   0x00000002   PAD
    0x08001c48   0x08001c48   0x0000000c   Code   RO         2658    .text.TIM6_DAC_IRQHandler  stm32f4xx_hal_timebase_tim_template.o
    0x08001c54   0x08001c54   0x0000012c   Code   RO         2335    .text.TIM_Base_SetConfig  stm32f4xx_hal_tim.o
    0x08001d80   0x08001d80   0x00000002   Code   RO          138    .text.UsageFault_Handler  stm32f4xx_it.o
    0x08001d82   0x08001d82   0x00000002   PAD
    0x08001d84   0x08001d84   0x00000032   Code   RO         4012    .text._mutex_acquire  rtx_lib.o
    0x08001db6   0x08001db6   0x00000002   PAD
    0x08001db8   0x08001db8   0x00000006   Code   RO         4016    .text._mutex_free   rtx_lib.o
    0x08001dbe   0x08001dbe   0x00000002   PAD
    0x08001dc0   0x08001dc0   0x00000020   Code   RO         4010    .text._mutex_initialize  rtx_lib.o
    0x08001de0   0x08001de0   0x0000002e   Code   RO         4014    .text._mutex_release  rtx_lib.o
    0x08001e0e   0x08001e0e   0x00000002   PAD
    0x08001e10   0x08001e10   0x00000004   Code   RO         4002    .text._platform_post_stackheap_init  rtx_lib.o
    0x08001e14   0x08001e14   0x00000002   Code   RO          110    .text._sys_exit     driver_printf.o
    0x08001e16   0x08001e16   0x00000002   PAD
    0x08001e18   0x08001e18   0x00000006   Code   RO          106    .text.ferror        driver_printf.o
    0x08001e1e   0x08001e1e   0x00000002   PAD
    0x08001e20   0x08001e20   0x00000034   Code   RO          102    .text.fputc         driver_printf.o
    0x08001e54   0x08001e54   0x0000005a   Code   RO           42    .text.gpio_init     driver_gpio.o
    0x08001eae   0x08001eae   0x00000002   PAD
    0x08001eb0   0x08001eb0   0x00000012   Code   RO           50    .text.gpio_trigger  driver_gpio.o
    0x08001ec2   0x08001ec2   0x00000002   PAD
    0x08001ec4   0x08001ec4   0x00000040   Code   RO            4    .text.main          main.o
    0x08001f04   0x08001f04   0x00000036   Code   RO         3496    .text.osDelayUntil  rtx_delay.o
    0x08001f3a   0x08001f3a   0x00000002   PAD
    0x08001f3c   0x08001f3c   0x0000003c   Code   RO         3938    .text.osKernelGetState  rtx_kernel.o
    0x08001f78   0x08001f78   0x00000032   Code   RO         3962    .text.osKernelGetTickCount  rtx_kernel.o
    0x08001faa   0x08001faa   0x00000002   PAD
    0x08001fac   0x08001fac   0x00000036   Code   RO         3932    .text.osKernelInitialize  rtx_kernel.o
    0x08001fe2   0x08001fe2   0x00000002   PAD
    0x08001fe4   0x08001fe4   0x00000032   Code   RO         3942    .text.osKernelStart  rtx_kernel.o
    0x08002016   0x08002016   0x00000002   PAD
    0x08002018   0x08002018   0x000000d4   Code   RO         4119    .text.osMessageQueueGet  rtx_msgqueue.o
    0x080020ec   0x080020ec   0x000000a6   Code   RO         4117    .text.osMessageQueuePut  rtx_msgqueue.o
    0x08002192   0x08002192   0x00000002   PAD
    0x08002194   0x08002194   0x0000003c   Code   RO         4169    .text.osMutexAcquire  rtx_mutex.o
    0x080021d0   0x080021d0   0x00000038   Code   RO         4175    .text.osMutexDelete  rtx_mutex.o
    0x08002208   0x08002208   0x00000038   Code   RO         4163    .text.osMutexNew    rtx_mutex.o
    0x08002240   0x08002240   0x00000038   Code   RO         4171    .text.osMutexRelease  rtx_mutex.o
    0x08002278   0x08002278   0x00000002   Code   RO         4476    .text.osRtxErrorNotify  rtx_config.o
    0x0800227a   0x0800227a   0x00000002   PAD
    0x0800227c   0x0800227c   0x00000002   Code   RO         4474    .text.osRtxIdleThread  rtx_config.o
    0x0800227e   0x0800227e   0x00000002   PAD
    0x08002280   0x08002280   0x00000002   Code   RO         3928    .text.osRtxKernelBeforeInit  rtx_kernel.o
    0x08002282   0x08002282   0x00000002   PAD
    0x08002284   0x08002284   0x00000016   Code   RO         3930    .text.osRtxKernelErrorNotify  rtx_kernel.o
    0x0800229a   0x0800229a   0x00000002   PAD
    0x0800229c   0x0800229c   0x00000080   Code   RO         4043    .text.osRtxMemoryAlloc  rtx_memory.o
    0x0800231c   0x0800231c   0x00000058   Code   RO         4045    .text.osRtxMemoryFree  rtx_memory.o
    0x08002374   0x08002374   0x00000040   Code   RO         4041    .text.osRtxMemoryInit  rtx_memory.o
    0x080023b4   0x080023b4   0x00000044   Code   RO         4057    .text.osRtxMemoryPoolAlloc  rtx_mempool.o
    0x080023f8   0x080023f8   0x00000056   Code   RO         4059    .text.osRtxMemoryPoolFree  rtx_mempool.o
    0x0800244e   0x0800244e   0x00000002   PAD
    0x08002450   0x08002450   0x00000056   Code   RO         4055    .text.osRtxMemoryPoolInit  rtx_mempool.o
    0x080024a6   0x080024a6   0x00000002   PAD
    0x080024a8   0x080024a8   0x000001bc   Code   RO         4141    .text.osRtxMessageQueuePostProcess  rtx_msgqueue.o
    0x08002664   0x08002664   0x0000002c   Code   RO         4107    .text.osRtxMessageQueueTimerSetup  rtx_msgqueue.o
    0x08002690   0x08002690   0x00000064   Code   RO         4159    .text.osRtxMutexOwnerRelease  rtx_mutex.o
    0x080026f4   0x080026f4   0x00000050   Code   RO         4161    .text.osRtxMutexOwnerRestore  rtx_mutex.o
    0x08002744   0x08002744   0x000000ac   Code   RO         4231    .text.osRtxPendSV_Handler  rtx_system.o
    0x080027f0   0x080027f0   0x00000076   Code   RO         4233    .text.osRtxPostProcess  rtx_system.o
    0x08002866   0x08002866   0x00000002   PAD
    0x08002868   0x08002868   0x00000024   Code   RO         4008    .text.osRtxThreadBeforeFree  rtx_lib.o
    0x0800288c   0x0800288c   0x00000164   Code   RO         4255    .text.osRtxThreadDelayTick  rtx_thread.o
    0x080029f0   0x080029f0   0x00000114   Code   RO         4261    .text.osRtxThreadDispatch  rtx_thread.o
    0x08002b04   0x08002b04   0x00000066   Code   RO         4273    .text.osRtxThreadFree  rtx_thread.o
    0x08002b6a   0x08002b6a   0x00000002   PAD
    0x08002b6c   0x08002b6c   0x00000014   Code   RO         4245    .text.osRtxThreadListGet  rtx_thread.o
    0x08002b80   0x08002b80   0x0000002c   Code   RO         4243    .text.osRtxThreadListPut  rtx_thread.o
    0x08002bac   0x08002bac   0x0000001a   Code   RO         4249    .text.osRtxThreadListRemove  rtx_thread.o
    0x08002bc6   0x08002bc6   0x00000002   PAD
    0x08002bc8   0x08002bc8   0x0000006a   Code   RO         4247    .text.osRtxThreadListSort  rtx_thread.o
    0x08002c32   0x08002c32   0x00000002   PAD
    0x08002c34   0x08002c34   0x0000009c   Code   RO         4355    .text.osRtxThreadPostProcess  rtx_thread.o
    0x08002cd0   0x08002cd0   0x0000003c   Code   RO         4251    .text.osRtxThreadReadyPut  rtx_thread.o
    0x08002d0c   0x08002d0c   0x00000014   Code   RO         4257    .text.osRtxThreadRegPtr  rtx_thread.o
    0x08002d20   0x08002d20   0x00000020   Code   RO         4267    .text.osRtxThreadStackCheck  rtx_thread.o
    0x08002d40   0x08002d40   0x00000052   Code   RO         4277    .text.osRtxThreadStartup  rtx_thread.o
    0x08002d92   0x08002d92   0x00000002   PAD
    0x08002d94   0x08002d94   0x00000024   Code   RO         4259    .text.osRtxThreadSwitch  rtx_thread.o
    0x08002db8   0x08002db8   0x000000fa   Code   RO         4265    .text.osRtxThreadWaitEnter  rtx_thread.o
    0x08002eb2   0x08002eb2   0x00000002   PAD
    0x08002eb4   0x08002eb4   0x000000a4   Code   RO         4263    .text.osRtxThreadWaitExit  rtx_thread.o
    0x08002f58   0x08002f58   0x00000084   Code   RO         4229    .text.osRtxTick_Handler  rtx_system.o
    0x08002fdc   0x08002fdc   0x00000026   Code   RO         4409    .text.osRtxTimerSetup  rtx_timer.o
    0x08003002   0x08003002   0x00000002   PAD
    0x08003004   0x08003004   0x0000002a   Code   RO         4413    .text.osRtxTimerThread  rtx_timer.o
    0x0800302e   0x0800302e   0x00000002   PAD
    0x08003030   0x08003030   0x000000c6   Code   RO         4411    .text.osRtxTimerTick  rtx_timer.o
    0x080030f6   0x080030f6   0x00000002   PAD
    0x080030f8   0x080030f8   0x00000006   Code   RO         4353    .text.osThreadEntry  rtx_thread.o
    0x080030fe   0x080030fe   0x00000002   PAD
    0x08003100   0x08003100   0x0000001a   Code   RO         4319    .text.osThreadExit  rtx_thread.o
    0x0800311a   0x0800311a   0x00000002   PAD
    0x0800311c   0x0800311c   0x00000040   Code   RO         4281    .text.osThreadNew   rtx_thread.o
    0x0800315c   0x0800315c   0x00000152   Code   RO           24    .text.sInitMCU      initial.o
    0x080032ae   0x080032ae   0x00000002   PAD
    0x080032b0   0x080032b0   0x000000b2   Code   RO          100    .text.sPRINTF_Configuration  driver_printf.o
    0x08003362   0x08003362   0x00000002   PAD
    0x08003364   0x08003364   0x00000046   Code   RO         3500    .text.svcRtxDelayUntil  rtx_delay.o
    0x080033aa   0x080033aa   0x00000002   PAD
    0x080033ac   0x080033ac   0x00000016   Code   RO         3940    .text.svcRtxKernelGetState  rtx_kernel.o
    0x080033c2   0x080033c2   0x00000002   PAD
    0x080033c4   0x080033c4   0x00000014   Code   RO         3964    .text.svcRtxKernelGetTickCount  rtx_kernel.o
    0x080033d8   0x080033d8   0x0000015c   Code   RO         3978    .text.svcRtxKernelInitialize  rtx_kernel.o
    0x08003534   0x08003534   0x0000009e   Code   RO         3980    .text.svcRtxKernelStart  rtx_kernel.o
    0x080035d2   0x080035d2   0x00000002   PAD
    0x080035d4   0x080035d4   0x000001c0   Code   RO         4145    .text.svcRtxMessageQueueGet  rtx_msgqueue.o
    0x08003794   0x08003794   0x0000016a   Code   RO         4109    .text.svcRtxMessageQueueNew  rtx_msgqueue.o
    0x080038fe   0x080038fe   0x00000002   PAD
    0x08003900   0x08003900   0x00000148   Code   RO         4143    .text.svcRtxMessageQueuePut  rtx_msgqueue.o
    0x08003a48   0x08003a48   0x000000da   Code   RO         4179    .text.svcRtxMutexAcquire  rtx_mutex.o
    0x08003b22   0x08003b22   0x00000002   PAD
    0x08003b24   0x08003b24   0x000000d2   Code   RO         4185    .text.svcRtxMutexDelete  rtx_mutex.o
    0x08003bf6   0x08003bf6   0x00000002   PAD
    0x08003bf8   0x08003bf8   0x000000a4   Code   RO         4177    .text.svcRtxMutexNew  rtx_mutex.o
    0x08003c9c   0x08003c9c   0x000000ea   Code   RO         4181    .text.svcRtxMutexRelease  rtx_mutex.o
    0x08003d86   0x08003d86   0x00000002   PAD
    0x08003d88   0x08003d88   0x000000c4   Code   RO         4377    .text.svcRtxThreadExit  rtx_thread.o
    0x08003e4c   0x08003e4c   0x00000258   Code   RO         4279    .text.svcRtxThreadNew  rtx_thread.o
    0x080040a4   0x080040a4   0x000000b0   Code   RO            6    .text.thread_start_task  main.o
    0x08004154   0x08004154   0x0000000e   Code   RO         4515    i._is_digit         c_wu.l(__printf_wp.o)
    0x08004162   0x08004162   0x0000001a   Code   RO         4541    x$fpl$fpinit        fz_wm.l(fpinit.o)
    0x0800417c   0x0800417c   0x00000011   Data   RO         4518    .constdata          c_wu.l(__printf_flags_wp.o)
    0x0800418d   0x0800418d   0x00000003   PAD
    0x08004190   0x08004190   0x00000070   Data   RO         4022    .rodata             rtx_lib.o
    0x08004200   0x08004200   0x00000038   Data   RO         4025    .rodata             rtx_lib.o
    0x08004238   0x08004238   0x00000010   Data   RO          154    .rodata.AHBPrescTable  system_stm32f4xx.o
    0x08004248   0x08004248   0x00000008   Data   RO          155    .rodata.APBPrescTable  system_stm32f4xx.o
    0x08004250   0x08004250   0x00000018   Data   RO         3485    .rodata.EventRecorderInfo  eventrecorder.o
    0x08004268   0x08004268   0x00000024   Data   RO            9    .rodata.ThreadStart_Attr  main.o
    0x0800428c   0x0800428c   0x000000b8   Data   RO           79    .rodata.gpio_handlers  driver_gpio.o
    0x08004344   0x08004344   0x00000024   Data   RO           78    .rodata.gpio_peripheral_clocks  driver_gpio.o
    0x08004368   0x08004368   0x00000004   Data   RO         4024    .rodata.osRtxUserSVC  rtx_lib.o
    0x0800436c   0x0800436c   0x00000024   Data   RO         4019    .rodata.os_idle_thread_attr  rtx_lib.o
    0x08004390   0x08004390   0x00000018   Data   RO         4021    .rodata.os_timer_mq_attr  rtx_lib.o
    0x080043a8   0x080043a8   0x00000024   Data   RO         4020    .rodata.os_timer_thread_attr  rtx_lib.o
    0x080043cc   0x080043cc   0x000001cc   Data   RO           80    .rodata.pin_config_handlers  driver_gpio.o
    0x08004598   0x08004598   0x00000011   Data   RO            8    .rodata.str1.1      main.o
    0x080045a9   0x080045a9   0x00000003   PAD
    0x080045ac   0x080045ac   0x0000000b   Data   RO         3992    .rodata.str1.4      rtx_kernel.o
    0x080045b7   0x080045b7   0x00000001   PAD
    0x080045b8   0x080045b8   0x00000020   Data   RO         4719    Region$$Table       anon$$obj.o


    Execution Region RW_IRAM2 (Exec base: 0x10000000, Load base: 0x08004700, Size: 0x00000000, Max: 0x00010000, ABSOLUTE)

    **** No section assigned to this execution region ****


    Execution Region RW_IRAM1 (Exec base: 0x20000000, Load base: 0x08004600, Size: 0x00009488, Max: 0x00020000, ABSOLUTE)

    Exec Addr    Load Addr    Size         Type   Attr      Idx    E Section Name        Object

    0x20000000   0x08004600   0x00000014   Data   RW           36    .ARM.__at_0x20000000  driver_data.o
    0x20000014   0x08004614   0x00000004   Data   RW          153    .data.SystemCoreClock  system_stm32f4xx.o
    0x20000018   0x08004618   0x000000a4   Data   RW         3993    .data.os            rtx_kernel.o
    0x200000bc   0x080046bc   0x00000004   Data   RW          235    .data.uwTickFreq    stm32f4xx_hal.o
    0x200000c0   0x080046c0   0x00000004   Data   RW          234    .data.uwTickPrio    stm32f4xx_hal.o
    0x200000c4   0x080046c4   0x0000003c   PAD
    0x20000100        -       0x00000044   Zero   RW          171    .bss.HardFaultRegs  segger_hardfaulthandler.o
    0x20000144        -       0x00000004   Zero   RW           10    .bss.ThreadIdStart  main.o
    0x20000148        -       0x00000068   Zero   RW         2660    .bss.TimHandle      stm32f4xx_hal_timebase_tim_template.o
    0x200001b0        -       0x00000004   Zero   RW          172    .bss._Continue      segger_hardfaulthandler.o
    0x200001b4        -       0x00000054   Zero   RW          113    .bss.__stderr       driver_printf.o
    0x20000208        -       0x00000054   Zero   RW          112    .bss.__stdout       driver_printf.o
    0x2000025c   0x080046c4   0x00000024   PAD
    0x20000280        -       0x000004a4   Zero   RW         3484    .bss.noinit         eventrecorder.o
    0x20000724   0x080046c4   0x00000004   PAD
    0x20000728        -       0x00008040   Zero   RW         4018    .bss.os             rtx_lib.o
    0x20008768        -       0x00000001   Zero   RW         4465    .bss.os             os_tick_stim.o
    0x20008769   0x080046c4   0x00000003   PAD
    0x2000876c        -       0x000001f0   Zero   RW         4026    .bss.os.libspace    rtx_lib.o
    0x2000895c        -       0x00000034   Zero   RW         4030    .bss.os.msgqueue.cb  rtx_lib.o
    0x20008990        -       0x00000050   Zero   RW         4031    .bss.os.msgqueue.mem  rtx_lib.o
    0x200089e0        -       0x000000a0   Zero   RW         4027    .bss.os.thread.cb   rtx_lib.o
    0x20008a80        -       0x00000200   Zero   RW         4028    .bss.os.thread.idle.stack  rtx_lib.o
    0x20008c80        -       0x00000200   Zero   RW         4029    .bss.os.thread.timer.stack  rtx_lib.o
    0x20008e80        -       0x00000001   Zero   RW         4032    .bss.os_kernel_is_active.os_kernel_active  rtx_lib.o
    0x20008e81   0x080046c4   0x00000003   PAD
    0x20008e84        -       0x00000004   Zero   RW          236    .bss.uwTick         stm32f4xx_hal.o
    0x20008e88        -       0x00000200   Zero   RW          123    HEAP                startup_stm32f417xx.o
    0x20009088        -       0x00000400   Zero   RW          122    STACK               startup_stm32f417xx.o


    Execution Region ARM_LIB_HEAD (Exec base: 0x20009488, Load base: 0x08004700, Size: 0x00000400, Max: 0x00000400, ABSOLUTE)

    Exec Addr    Load Addr    Size         Type   Attr      Idx    E Section Name        Object

    0x20009488        -       0x00000400   Zero   RW            1    ARM_LIB_HEAD.bss    anon$$obj.o


    Execution Region ARM_LIB_STACK (Exec base: 0x2001fc00, Load base: 0x08004700, Size: 0x00000400, Max: 0x00000400, ABSOLUTE)

    Exec Addr    Load Addr    Size         Type   Attr      Idx    E Section Name        Object

    0x2001fc00        -       0x00000400   Zero   RW            2    ARM_LIB_STACK.bss   anon$$obj.o


==============================================================================

Image component sizes


      Code (inc. data)   RO Data    RW Data    ZI Data      Debug   Object Name

         0          0          0         20          0        823   driver_data.o
       108          0        680          0          0       7018   driver_gpio.o
       238          0          0          0        168       4554   driver_printf.o
      1106          0         24          0       1188      22054   eventrecorder.o
        24          4          0          0          0        404   hardfaulthandler.o
       552          0          0          0          0       6529   initial.o
       256         16          0          0          0        753   irq_armv7m.o
       240         72         53          0          4       4270   main.o
       140          0          0          0          1       4788   os_tick_stim.o
         4          0          0          0          0        764   rtx_config.o
       124          0          0          0          0       3118   rtx_delay.o
      1112          0          0          0          0      39616   rtx_evr.o
       786          0         11        164          0      21771   rtx_kernel.o
       196          0        268          0      34645       8641   rtx_lib.o
       280          0          0          0          0       2795   rtx_memory.o
       240          0          0          0          0      19615   rtx_mempool.o
      2004          0          0          0          0      24040   rtx_msgqueue.o
      1234          0          0          0          0      11554   rtx_mutex.o
       422         36          0          0          0       5490   rtx_system.o
      2622         10          0          0          0      51574   rtx_thread.o
       278          0          0          0          0      12065   rtx_timer.o
       160          0          0          0         72       2703   segger_hardfaulthandler.o
        64         26        392          0       1536        976   startup_stm32f417xx.o
        72          0          0          8          4       7285   stm32f4xx_hal.o
       150          0          0          0          0      10770   stm32f4xx_hal_cortex.o
         2          0          0          0          0        707   stm32f4xx_hal_msp_template.o
       100          0          0          0          0       7314   stm32f4xx_hal_rcc.o
       868          0          0          0          0      56858   stm32f4xx_hal_tim.o
         4          0          0          0          0      21973   stm32f4xx_hal_tim_ex.o
       234          0          0          0        104       7687   stm32f4xx_hal_timebase_tim_template.o
        10          0          0          0          0        745   stm32f4xx_it.o
       214          0          0          0          0       4095   stm32f4xx_ll_gpio.o
       170          0          0          0          0       9039   stm32f4xx_ll_rcc.o
       344          0          0          0          0       5636   stm32f4xx_ll_usart.o
        12          0          0          0          0       7370   stm32f4xx_ll_utils.o
        86          0         24          4          0       2787   system_stm32f4xx.o

    ----------------------------------------------------------------------
     14600        164       1488        196      39876     398181   Object Totals
         0          0         32          0       2048          0   (incl. Generated)
       144          0          4          0        106          0   (incl. Padding)

    ----------------------------------------------------------------------

      Code (inc. data)   RO Data    RW Data    ZI Data      Debug   Library Member Name

         8          0          0          0          0         68   __main.o
       312          4         17          0          0         92   __printf_flags_wp.o
        14          0          0          0          0         68   __printf_wp.o
         0          0          0          0          0          0   __rtentry.o
        20          0          0          0          0          0   __rtentry2.o
         8          4          0          0          0          0   __rtentry7.o
        94          8          0          0          0          0   __scatter.o
        26          0          0          0          0          0   __scatter_copy.o
        28          0          0          0          0          0   __scatter_zi.o
        48          6          0          0          0         96   _printf_char_common.o
        36          4          0          0          0         80   _printf_char_file.o
         6          0          0          0          0          0   _printf_d.o
       120         16          0          0          0         92   _printf_dec.o
       178          0          0          0          0         88   _printf_intcommon.o
        78          0          0          0          0        108   _printf_pad.o
         0          0          0          0          0          0   _printf_percent.o
         4          0          0          0          0          0   _printf_percent_end.o
        16          0          0          0          0         68   aeabi_memset4.o
        18          0          0          0          0         80   exit.o
         6          0          0          0          0        152   heapauxi.o
         2          0          0          0          0          0   libinit.o
         6          0          0          0          0          0   libinit2.o
         2          0          0          0          0          0   libshutdown.o
         2          0          0          0          0          0   libshutdown2.o
       240          0          0          0          0        100   lludivv7m.o
        24          4          0          0          0         84   noretval__2printf.o
        44          4          0          0          0         84   puts.o
        68          0          0          0          0         68   rt_memclr.o
        78          0          0          0          0         80   rt_memclr_w.o
       138          0          0          0          0         68   rt_memcpy_v6.o
       100          0          0          0          0         80   rt_memcpy_w.o
         2          0          0          0          0          0   rtexit.o
        10          0          0          0          0          0   rtexit2.o
        26          0          0          0          0        116   fpinit.o

    ----------------------------------------------------------------------
      1772         50         20          0          0       1672   Library Totals
        10          0          3          0          0          0   (incl. Padding)

    ----------------------------------------------------------------------

      Code (inc. data)   RO Data    RW Data    ZI Data      Debug   Library Name

      1736         50         17          0          0       1556   c_wu.l
        26          0          0          0          0        116   fz_wm.l

    ----------------------------------------------------------------------
      1772         50         20          0          0       1672   Library Totals

    ----------------------------------------------------------------------

==============================================================================


      Code (inc. data)   RO Data    RW Data    ZI Data      Debug   

     16372        214       1508        196      39876     398573   Grand Totals
     16372        214       1508        196      39876     398573   ELF Image Totals
     16372        214       1508        196          0          0   ROM Totals

==============================================================================

    Total RO  Size (Code + RO Data)                17880 (  17.46kB)
    Total RW  Size (RW Data + ZI Data)             40072 (  39.13kB)
    Total ROM Size (Code + RO Data + RW Data)      18076 (  17.65kB)

==============================================================================

